******************************************************************************
                  TI ARM Linker Unix v18.12.4                  
******************************************************************************
>> Linked Fri Feb 21 14:23:06 2020

OUTPUT FILE NAME:   <146_Lab2.2.out>
ENTRY POINT SYMBOL: "_c_int00_noargs"  address: 00002aa1


MEMORY CONFIGURATION

         name            origin    length      used     unused   attr    fill
----------------------  --------  ---------  --------  --------  ----  --------
  MAIN                  00000000   00040000  00002eb9  0003d147  R  X
  INFO                  00200000   00004000  00000000  00004000  R  X
  SRAM_CODE             01000000   00010000  00000df0  0000f210  RW X
  SRAM_DATA             20000000   00010000  00000df0  0000f210  RW  


SEGMENT ALLOCATION MAP

run origin  load origin   length   init length attrs members
----------  ----------- ---------- ----------- ----- -------
00000000    00000000    00002ec0   00002ec0    r-x
  00000000    00000000    000000e4   000000e4    r-- .intvecs
  000000e4    000000e4    00002c24   00002c24    r-x .text
  00002d08    00002d08    00000101   00000101    r-- .const
  00002e10    00002e10    000000b0   000000b0    r-- .cinit
20000000    20000000    00000bf0   00000000    rw-
  20000000    20000000    00000800   00000000    rw- .sysmem
  20000800    20000800    00000208   00000000    rw- .data
  20000a08    20000a08    000001e8   00000000    rw- .bss
2000fe00    2000fe00    00000200   00000000    rw-
  2000fe00    2000fe00    00000200   00000000    rw- .stack


SECTION ALLOCATION MAP

 output                                  attributes/
section   page    origin      length       input sections
--------  ----  ----------  ----------   ----------------
.intvecs   0    00000000    000000e4     
                  00000000    000000e4     startup_msp432p401r_ccs.obj (.intvecs:retain)

.text      0    000000e4    00002c24     
                  000000e4    00000a4e     rtsv7M4_T_le_v4SPD16_eabi.lib : _printfi.c.obj (.text:__TI_printfi)
                  00000b32    00000002     startup_msp432p401r_ccs.obj (.text:Default_Handler)
                  00000b34    00000270     rtsv7M4_T_le_v4SPD16_eabi.lib : _printfi.c.obj (.text:_pconv_a)
                  00000da4    000001d0                                   : _printfi.c.obj (.text:_pconv_g)
                  00000f74    000001b6                                   : fd_add_t2.asm.obj (.text)
                  0000112a    00000002                                   : _lock.c.obj (.text:_nop)
                  0000112c    0000013c                                   : _printfi.c.obj (.text:_pconv_e)
                  00001268    00000136                                   : fd_div_t2.asm.obj (.text)
                  0000139e    00000002                                   : div0.asm.obj (.text)
                  000013a0    00000124                                   : _printfi.c.obj (.text:fcvt)
                  000014c4    00000118                                   : memory.c.obj (.text:aligned_alloc)
                  000015dc    00000114                                   : fputs.c.obj (.text:fputs)
                  000016f0    00000110                                   : s_scalbn.c.obj (.text:scalbn)
                  00001800    000000fc                                   : fd_mul_t2.asm.obj (.text)
                  000018fc    000000e4                                   : memory.c.obj (.text:free)
                  000019e0    000000dc                                   : setvbuf.c.obj (.text:setvbuf)
                  00001abc    000000d4     aes256_encrypt_decrypt.obj (.text:encrypt_message_16)
                  00001b90    000000b1     rtsv7M4_T_le_v4SPD16_eabi.lib : _printfi.c.obj (.text:_ltostr)
                  00001c41    00000001     --HOLE-- [fill = 0]
                  00001c42    0000009c                                   : memcpy_t2.asm.obj (.text)
                  00001cde    00000096                                   : ull_div_t2.asm.obj (.text)
                  00001d74    0000008c                                   : fputc.c.obj (.text:fputc)
                  00001e00    00000088     aes256_encrypt_decrypt.obj (.text:decrypt_message_16)
                  00001e88    00000086     rtsv7M4_T_le_v4SPD16_eabi.lib : fd_cmp_t2.asm.obj (.text:__aeabi_cdcmple)
                  00001f0e    00000086                                   : fd_cmp_t2.asm.obj (.text:__aeabi_cdrcmple)
                  00001f94    0000007a                                   : memset_t2.asm.obj (.text)
                  0000200e    00000002     --HOLE-- [fill = 0]
                  00002010    00000078     system_msp432p401r.obj (.text:SystemInit)
                  00002088    00000074     rtsv7M4_T_le_v4SPD16_eabi.lib : fclose.c.obj (.text:__TI_closefile)
                  000020fc    00000070                                   : memory.c.obj (.text:split)
                  0000216c    0000006e                                   : _printfi.c.obj (.text:_mcpy)
                  000021da    00000002     --HOLE-- [fill = 0]
                  000021dc    0000006c                                   : hostrename.c.obj (.text:HOSTrename)
                  00002248    00000068                                   : hostlseek.c.obj (.text:HOSTlseek)
                  000022b0    00000068                                   : copy_decompress_lzss.c.obj (.text:decompress:lzss:__TI_decompress_lzss)
                  00002318    00000068                                   : printf.c.obj (.text:printf)
                  00002380    00000064                                   : s_frexp.c.obj (.text:frexp)
                  000023e4    00000064                                   : fseek.c.obj (.text:fseek)
                  00002448    00000062                                   : _io_perm.c.obj (.text:__TI_wrt_ok)
                  000024aa    00000002     --HOLE-- [fill = 0]
                  000024ac    00000060                                   : hostopen.c.obj (.text:HOSTopen)
                  0000250c    0000005c                                   : close.c.obj (.text:close)
                  00002568    00000058                                   : hostread.c.obj (.text:HOSTread)
                  000025c0    00000058                                   : hostwrite.c.obj (.text:HOSTwrite)
                  00002618    00000056                                   : _printfi.c.obj (.text:_pconv_f)
                  0000266e    00000054                                   : ltoa.c.obj (.text:ltoa)
                  000026c2    00000052                                   : _printfi.c.obj (.text:_ecpy)
                  00002714    0000004c                                   : fflush.c.obj (.text:__TI_doflush)
                  00002760    0000004c                                   : atoi.c.obj (.text:atoi)
                  000027ac    00000048                                   : exit.c.obj (.text:exit)
                  000027f4    00000048                                   : fd_toi_t2.asm.obj (.text)
                  0000283c    00000044                                   : hostclose.c.obj (.text:HOSTclose)
                  00002880    00000044                                   : hostunlink.c.obj (.text:HOSTunlink)
                  000028c4    00000044                                   : autoinit.c.obj (.text:__TI_auto_init_nobinit_nopinit:__TI_auto_init_nobinit_nopinit)
                  00002908    00000044                                   : getdevice.c.obj (.text:getdevice)
                  0000294c    0000003e                                   : _printfi.c.obj (.text:_fcpy)
                  0000298a    00000002     --HOLE-- [fill = 0]
                  0000298c    0000003c     aes256_encrypt_decrypt.obj (.text:main)
                  000029c8    00000038     rtsv7M4_T_le_v4SPD16_eabi.lib : trgmsg.c.obj (.text:__TI_writemsg)
                  00002a00    00000036                                   : strncpy.c.obj (.text:strncpy)
                  00002a36    00000002     --HOLE-- [fill = 0]
                  00002a38    00000034                                   : fopen.c.obj (.text:__TI_cleanup)
                  00002a6c    00000034                                   : trgmsg.c.obj (.text:__TI_readmsg)
                  00002aa0    00000034                                   : boot_cortex_m.c.obj (.text:_c_int00_noargs:_c_int00_noargs)
                  00002ad4    00000030                                   : getdevice.c.obj (.text:finddevice)
                  00002b04    0000002e                                   : i_tofd_t2.asm.obj (.text)
                  00002b32    00000002     --HOLE-- [fill = 0]
                  00002b34    0000002c                                   : unlink.c.obj (.text:unlink)
                  00002b60    00000028                                   : memory.c.obj (.text:free_list_insert)
                  00002b88    00000028                                   : lseek.c.obj (.text:lseek)
                  00002bb0    00000028                                   : write.c.obj (.text:write)
                  00002bd8    00000020                                   : memchr.c.obj (.text:memchr)
                  00002bf8    0000001c                                   : copy_zero_init.c.obj (.text:decompress:ZI:__TI_zero_init_nomemset:__TI_zero_init_nomemset)
                  00002c14    0000001c                                   : memory.c.obj (.text:free_list_remove)
                  00002c30    0000001c                                   : memccpy.c.obj (.text:memccpy)
                  00002c4c    0000001a                                   : s_copysign.c.obj (.text:copysign)
                  00002c66    00000018                                   : strcmp.c.obj (.text:strcmp)
                  00002c7e    00000016                                   : strchr.c.obj (.text:strchr)
                  00002c94    00000014                                   : strcpy.c.obj (.text:strcpy)
                  00002ca8    00000014                                   : strlen.c.obj (.text:strlen)
                  00002cbc    00000012                                   : wcslen.c.obj (.text:wcslen)
                  00002cce    0000000e                                   : copy_decompress_none.c.obj (.text:decompress:none:__TI_decompress_none)
                  00002cdc    0000000c     startup_msp432p401r_ccs.obj (.text:Reset_Handler)
                  00002ce8    00000008     rtsv7M4_T_le_v4SPD16_eabi.lib : errno.c.obj (.text:__aeabi_errno_addr)
                  00002cf0    00000008                                   : memory.c.obj (.text:malloc)
                  00002cf8    00000004                                   : printf.c.obj (.text:_outc)
                  00002cfc    00000004                                   : printf.c.obj (.text:_outs)
                  00002d00    00000004                                   : pre_init.c.obj (.text:_system_pre_init)
                  00002d04    00000004                                   : exit.c.obj (.text:abort:abort)

.const     0    00002d08    00000101     
                  00002d08    00000101     rtsv7M4_T_le_v4SPD16_eabi.lib : ctype.c.obj (.const:.string:_ctypes_)

.cinit     0    00002e10    000000b0     
                  00002e10    00000087     (.cinit..data.load) [load image, compression = lzss]
                  00002e97    00000001     --HOLE-- [fill = 0]
                  00002e98    0000000c     (__TI_handler_table)
                  00002ea4    00000004     --HOLE-- [fill = 0]
                  00002ea8    00000008     (.cinit..bss.load) [load image, compression = zero_init]
                  00002eb0    00000010     (__TI_cinit_table)

.init_array 
*          0    00000000    00000000     UNINITIALIZED

.binit     0    00000000    00000000     

.sysmem    0    20000000    00000800     UNINITIALIZED
                  20000000    00000010     rtsv7M4_T_le_v4SPD16_eabi.lib : memory.c.obj (.sysmem)
                  20000010    000007f0     --HOLE--

.data      0    20000800    00000208     UNINITIALIZED
                  20000800    000000f0     rtsv7M4_T_le_v4SPD16_eabi.lib : defs.c.obj (.data:_ftable)
                  200008f0    00000078                                   : host_device.c.obj (.data:_device)
                  20000968    00000050                                   : host_device.c.obj (.data:_stream)
                  200009b8    00000020     aes256_encrypt_decrypt.obj (.data:CipherKey)
                  200009d8    00000010     rtsv7M4_T_le_v4SPD16_eabi.lib : defs.c.obj (.data)
                  200009e8    0000000c                                   : exit.c.obj (.data:$O1$$)
                  200009f4    00000008                                   : _lock.c.obj (.data:$O1$$)
                  200009fc    00000008                                   : memory.c.obj (.data:$O1$$)
                  20000a04    00000004                                   : errno.c.obj (.data)

.bss       0    20000a08    000001e8     UNINITIALIZED
                  20000a08    00000120     rtsv7M4_T_le_v4SPD16_eabi.lib : trgmsg.c.obj (.bss:_CIOBUF_)
                  20000b28    000000a0     (.common:__TI_tmpnams)
                  20000bc8    00000010     aes256_encrypt_decrypt.obj (.bss:DataAESdecrypted)
                  20000bd8    00000010     aes256_encrypt_decrypt.obj (.bss:DataAESencrypted)
                  20000be8    00000008     (.common:parmbuf)

.stack     0    2000fe00    00000200     UNINITIALIZED
                  2000fe00    00000004     rtsv7M4_T_le_v4SPD16_eabi.lib : boot_cortex_m.c.obj (.stack)
                  2000fe04    000001fc     --HOLE--

MODULE SUMMARY

       Module                        code    ro data   rw data
       ------                        ----    -------   -------
    ./
       aes256_encrypt_decrypt.obj    408     0         128    
       system_msp432p401r.obj        120     0         0      
    +--+-----------------------------+-------+---------+---------+
       Total:                        528     0         128    
                                                              
    ./ccs/
       startup_msp432p401r_ccs.obj   14      228       0      
    +--+-----------------------------+-------+---------+---------+
       Total:                        14      228       0      
                                                              
    /Applications/ti/ccs930/ccs/tools/compiler/ti-cgt-arm_18.12.4.LTS/lib/rtsv7M4_T_le_v4SPD16_eabi.lib
       _printfi.c.obj                4851    0         0      
       defs.c.obj                    0       0         832    
       memory.c.obj                  696     0         16     
       trgmsg.c.obj                  108     0         576    
       fd_add_t2.asm.obj             438     0         0      
       host_device.c.obj             0       0         400    
       fd_div_t2.asm.obj             310     0         0      
       fputs.c.obj                   276     0         0      
       s_scalbn.c.obj                272     0         0      
       fd_cmp_t2.asm.obj             268     0         0      
       ctype.c.obj                   0       257       0      
       fd_mul_t2.asm.obj             252     0         0      
       setvbuf.c.obj                 220     0         0      
       memcpy_t2.asm.obj             156     0         0      
       ull_div_t2.asm.obj            150     0         0      
       fputc.c.obj                   140     0         0      
       memset_t2.asm.obj             122     0         0      
       fclose.c.obj                  116     0         0      
       getdevice.c.obj               116     0         0      
       hostopen.c.obj                96      0         16     
       printf.c.obj                  112     0         0      
       hostrename.c.obj              108     0         0      
       copy_decompress_lzss.c.obj    104     0         0      
       hostlseek.c.obj               104     0         0      
       exit.c.obj                    76      0         24     
       fseek.c.obj                   100     0         0      
       s_frexp.c.obj                 100     0         0      
       _io_perm.c.obj                98      0         0      
       close.c.obj                   92      0         0      
       hostread.c.obj                88      0         0      
       hostwrite.c.obj               88      0         0      
       ltoa.c.obj                    84      0         0      
       atoi.c.obj                    76      0         0      
       fflush.c.obj                  76      0         0      
       fd_toi_t2.asm.obj             72      0         0      
       autoinit.c.obj                68      0         0      
       hostclose.c.obj               68      0         0      
       hostunlink.c.obj              68      0         0      
       strncpy.c.obj                 54      0         0      
       boot_cortex_m.c.obj           52      0         0      
       fopen.c.obj                   52      0         0      
       i_tofd_t2.asm.obj             46      0         0      
       unlink.c.obj                  44      0         0      
       lseek.c.obj                   40      0         0      
       write.c.obj                   40      0         0      
       memchr.c.obj                  32      0         0      
       copy_zero_init.c.obj          28      0         0      
       memccpy.c.obj                 28      0         0      
       s_copysign.c.obj              26      0         0      
       strcmp.c.obj                  24      0         0      
       strchr.c.obj                  22      0         0      
       strcpy.c.obj                  20      0         0      
       strlen.c.obj                  20      0         0      
       _lock.c.obj                   2       0         16     
       wcslen.c.obj                  18      0         0      
       errno.c.obj                   8       0         8      
       copy_decompress_none.c.obj    14      0         0      
       pre_init.c.obj                4       0         0      
       div0.asm.obj                  2       0         0      
    +--+-----------------------------+-------+---------+---------+
       Total:                        10745   257       1888   
                                                              
       Heap:                         0       0         4096   
       Stack:                        0       0         1024   
       Linker Generated:             0       171       0      
    +--+-----------------------------+-------+---------+---------+
       Grand Total:                  11287   656       7136   


LINKER GENERATED COPY TABLES

__TI_cinit_table @ 00002eb0 records: 2, size/record: 8, table size: 16
	.data: load addr=00002e10, load size=00000087 bytes, run addr=20000800, run size=00000208 bytes, compression=lzss
	.bss: load addr=00002ea8, load size=00000008 bytes, run addr=20000a08, run size=000001e8 bytes, compression=zero_init


LINKER GENERATED HANDLER TABLE

__TI_handler_table @ 00002e98 records: 3, size/record: 4, table size: 12
	index: 0, handler: __TI_decompress_lzss
	index: 1, handler: __TI_decompress_none
	index: 2, handler: __TI_zero_init


GLOBAL SYMBOLS: SORTED ALPHABETICALLY BY Name 

address   name                           
-------   ----                           
00000b33  ADC14_IRQHandler               
00000b33  AES256_IRQHandler              
00000b33  BusFault_Handler               
00002d05  C$$EXIT                        
000029f7  C$$IO$$                        
00000b33  COMP_E0_IRQHandler             
00000b33  COMP_E1_IRQHandler             
00000b33  CS_IRQHandler                  
00000b33  DMA_ERR_IRQHandler             
00000b33  DMA_INT0_IRQHandler            
00000b33  DMA_INT1_IRQHandler            
00000b33  DMA_INT2_IRQHandler            
00000b33  DMA_INT3_IRQHandler            
00000b33  DebugMon_Handler               
00000b33  Default_Handler                
00000b33  EUSCIA0_IRQHandler             
00000b33  EUSCIA1_IRQHandler             
00000b33  EUSCIA2_IRQHandler             
00000b33  EUSCIA3_IRQHandler             
00000b33  EUSCIB0_IRQHandler             
00000b33  EUSCIB1_IRQHandler             
00000b33  EUSCIB2_IRQHandler             
00000b33  EUSCIB3_IRQHandler             
00000b33  FLCTL_IRQHandler               
00000b33  FPU_IRQHandler                 
0000283d  HOSTclose                      
00002249  HOSTlseek                      
000024ad  HOSTopen                       
00002569  HOSTread                       
000021dd  HOSTrename                     
00002881  HOSTunlink                     
000025c1  HOSTwrite                      
00000b33  HardFault_Handler              
00000b33  MemManage_Handler              
00000b33  NMI_Handler                    
00000b33  PCM_IRQHandler                 
00000b33  PORT1_IRQHandler               
00000b33  PORT2_IRQHandler               
00000b33  PORT3_IRQHandler               
00000b33  PORT4_IRQHandler               
00000b33  PORT5_IRQHandler               
00000b33  PORT6_IRQHandler               
00000b33  PSS_IRQHandler                 
00000b33  PendSV_Handler                 
00000b33  RTC_C_IRQHandler               
00002cdd  Reset_Handler                  
00000b33  SVC_Handler                    
00000b33  SysTick_Handler                
00002011  SystemInit                     
00000b33  T32_INT1_IRQHandler            
00000b33  T32_INT2_IRQHandler            
00000b33  T32_INTC_IRQHandler            
00000b33  TA0_0_IRQHandler               
00000b33  TA0_N_IRQHandler               
00000b33  TA1_0_IRQHandler               
00000b33  TA1_N_IRQHandler               
00000b33  TA2_0_IRQHandler               
00000b33  TA2_N_IRQHandler               
00000b33  TA3_0_IRQHandler               
00000b33  TA3_N_IRQHandler               
00000b33  UsageFault_Handler             
4000480c  WDTCTL_SYM                     
00000b33  WDT_A_IRQHandler               
20000a08  __CIOBUF_                      
20010000  __STACK_END                    
00000200  __STACK_SIZE                   
00000800  __SYSMEM_SIZE                  
00002eb0  __TI_CINIT_Base                
00002ec0  __TI_CINIT_Limit               
00002e98  __TI_Handler_Table_Base        
00002ea4  __TI_Handler_Table_Limit       
000028c5  __TI_auto_init_nobinit_nopinit 
00002a39  __TI_cleanup                   
200009e8  __TI_cleanup_ptr               
00002089  __TI_closefile                 
000022b1  __TI_decompress_lzss           
00002ccf  __TI_decompress_none           
00002715  __TI_doflush                   
200009ec  __TI_dtors_ptr                 
200009f0  __TI_enable_exit_profile_output
200009d8  __TI_ft_end                    
ffffffff  __TI_pprof_out_hndl            
000000e5  __TI_printfi                   
ffffffff  __TI_prof_data_size            
ffffffff  __TI_prof_data_start           
00002a6d  __TI_readmsg                   
00000000  __TI_static_base__             
20000b28  __TI_tmpnams                   
000029c9  __TI_writemsg                  
00002449  __TI_wrt_ok                    
00002bf9  __TI_zero_init_nomemset        
00001e89  __aeabi_cdcmpeq                
00001e89  __aeabi_cdcmple                
00001f0f  __aeabi_cdrcmple               
000027f5  __aeabi_d2iz                   
00000f7f  __aeabi_dadd                   
00001269  __aeabi_ddiv                   
00001801  __aeabi_dmul                   
00000f75  __aeabi_dsub                   
00002ce9  __aeabi_errno_addr             
00002b05  __aeabi_i2d                    
0000139f  __aeabi_idiv0                  
0000139f  __aeabi_ldiv0                  
00001f95  __aeabi_memclr                 
00001f95  __aeabi_memclr4                
00001f95  __aeabi_memclr8                
00001c43  __aeabi_memcpy                 
00001c43  __aeabi_memcpy4                
00001c43  __aeabi_memcpy8                
00001f97  __aeabi_memset                 
00001f97  __aeabi_memset4                
00001f97  __aeabi_memset8                
200009e4  __aeabi_stderr                 
200009dc  __aeabi_stdin                  
200009e0  __aeabi_stdout                 
00001cdf  __aeabi_uldivmod               
ffffffff  __binit__                      
ffffffff  __c_args__                     
UNDEFED   __mpu_init                     
2000fe00  __stack                        
00002aa1  _c_int00_noargs                
00002d08  _ctypes_                       
200008f0  _device                        
20000800  _ftable                        
200009f4  _lock                          
0000112b  _nop                           
20000968  _stream                        
20000000  _sys_memory                    
UNDEFED   _system_post_cinit             
00002d01  _system_pre_init               
200009f8  _unlock                        
00002d05  abort                          
000014c5  aligned_alloc                  
00002761  atoi                           
ffffffff  binit                          
0000250d  close                          
00002c4d  copysign                       
00002c4d  copysignl                      
00001e01  decrypt_message_16             
00001abd  encrypt_message_16             
20000a04  errno                          
000027ad  exit                           
00002ad5  finddevice                     
00001d75  fputc                          
000015dd  fputs                          
000018fd  free                           
00002381  frexp                          
00002381  frexpl                         
000023e5  fseek                          
00002909  getdevice                      
00000000  interruptVectors               
000016f1  ldexp                          
000016f1  ldexpl                         
00002b89  lseek                          
0000266f  ltoa                           
0000298d  main                           
00002cf1  malloc                         
000014c5  memalign                       
00002c31  memccpy                        
00002bd9  memchr                         
00001c43  memcpy                         
00001f9d  memset                         
20000be8  parmbuf                        
00002319  printf                         
00001d75  putc                           
00002b35  remove                         
000016f1  scalbn                         
000016f1  scalbnl                        
000019e1  setvbuf                        
00002c7f  strchr                         
00002c67  strcmp                         
00002c95  strcpy                         
00002ca9  strlen                         
00002a01  strncpy                        
00002b35  unlink                         
00002cbd  wcslen                         
00002bb1  write                          


GLOBAL SYMBOLS: SORTED BY Symbol Address 

address   name                           
-------   ----                           
00000000  __TI_static_base__             
00000000  interruptVectors               
000000e5  __TI_printfi                   
00000200  __STACK_SIZE                   
00000800  __SYSMEM_SIZE                  
00000b33  ADC14_IRQHandler               
00000b33  AES256_IRQHandler              
00000b33  BusFault_Handler               
00000b33  COMP_E0_IRQHandler             
00000b33  COMP_E1_IRQHandler             
00000b33  CS_IRQHandler                  
00000b33  DMA_ERR_IRQHandler             
00000b33  DMA_INT0_IRQHandler            
00000b33  DMA_INT1_IRQHandler            
00000b33  DMA_INT2_IRQHandler            
00000b33  DMA_INT3_IRQHandler            
00000b33  DebugMon_Handler               
00000b33  Default_Handler                
00000b33  EUSCIA0_IRQHandler             
00000b33  EUSCIA1_IRQHandler             
00000b33  EUSCIA2_IRQHandler             
00000b33  EUSCIA3_IRQHandler             
00000b33  EUSCIB0_IRQHandler             
00000b33  EUSCIB1_IRQHandler             
00000b33  EUSCIB2_IRQHandler             
00000b33  EUSCIB3_IRQHandler             
00000b33  FLCTL_IRQHandler               
00000b33  FPU_IRQHandler                 
00000b33  HardFault_Handler              
00000b33  MemManage_Handler              
00000b33  NMI_Handler                    
00000b33  PCM_IRQHandler                 
00000b33  PORT1_IRQHandler               
00000b33  PORT2_IRQHandler               
00000b33  PORT3_IRQHandler               
00000b33  PORT4_IRQHandler               
00000b33  PORT5_IRQHandler               
00000b33  PORT6_IRQHandler               
00000b33  PSS_IRQHandler                 
00000b33  PendSV_Handler                 
00000b33  RTC_C_IRQHandler               
00000b33  SVC_Handler                    
00000b33  SysTick_Handler                
00000b33  T32_INT1_IRQHandler            
00000b33  T32_INT2_IRQHandler            
00000b33  T32_INTC_IRQHandler            
00000b33  TA0_0_IRQHandler               
00000b33  TA0_N_IRQHandler               
00000b33  TA1_0_IRQHandler               
00000b33  TA1_N_IRQHandler               
00000b33  TA2_0_IRQHandler               
00000b33  TA2_N_IRQHandler               
00000b33  TA3_0_IRQHandler               
00000b33  TA3_N_IRQHandler               
00000b33  UsageFault_Handler             
00000b33  WDT_A_IRQHandler               
00000f75  __aeabi_dsub                   
00000f7f  __aeabi_dadd                   
0000112b  _nop                           
00001269  __aeabi_ddiv                   
0000139f  __aeabi_idiv0                  
0000139f  __aeabi_ldiv0                  
000014c5  aligned_alloc                  
000014c5  memalign                       
000015dd  fputs                          
000016f1  ldexp                          
000016f1  ldexpl                         
000016f1  scalbn                         
000016f1  scalbnl                        
00001801  __aeabi_dmul                   
000018fd  free                           
000019e1  setvbuf                        
00001abd  encrypt_message_16             
00001c43  __aeabi_memcpy                 
00001c43  __aeabi_memcpy4                
00001c43  __aeabi_memcpy8                
00001c43  memcpy                         
00001cdf  __aeabi_uldivmod               
00001d75  fputc                          
00001d75  putc                           
00001e01  decrypt_message_16             
00001e89  __aeabi_cdcmpeq                
00001e89  __aeabi_cdcmple                
00001f0f  __aeabi_cdrcmple               
00001f95  __aeabi_memclr                 
00001f95  __aeabi_memclr4                
00001f95  __aeabi_memclr8                
00001f97  __aeabi_memset                 
00001f97  __aeabi_memset4                
00001f97  __aeabi_memset8                
00001f9d  memset                         
00002011  SystemInit                     
00002089  __TI_closefile                 
000021dd  HOSTrename                     
00002249  HOSTlseek                      
000022b1  __TI_decompress_lzss           
00002319  printf                         
00002381  frexp                          
00002381  frexpl                         
000023e5  fseek                          
00002449  __TI_wrt_ok                    
000024ad  HOSTopen                       
0000250d  close                          
00002569  HOSTread                       
000025c1  HOSTwrite                      
0000266f  ltoa                           
00002715  __TI_doflush                   
00002761  atoi                           
000027ad  exit                           
000027f5  __aeabi_d2iz                   
0000283d  HOSTclose                      
00002881  HOSTunlink                     
000028c5  __TI_auto_init_nobinit_nopinit 
00002909  getdevice                      
0000298d  main                           
000029c9  __TI_writemsg                  
000029f7  C$$IO$$                        
00002a01  strncpy                        
00002a39  __TI_cleanup                   
00002a6d  __TI_readmsg                   
00002aa1  _c_int00_noargs                
00002ad5  finddevice                     
00002b05  __aeabi_i2d                    
00002b35  remove                         
00002b35  unlink                         
00002b89  lseek                          
00002bb1  write                          
00002bd9  memchr                         
00002bf9  __TI_zero_init_nomemset        
00002c31  memccpy                        
00002c4d  copysign                       
00002c4d  copysignl                      
00002c67  strcmp                         
00002c7f  strchr                         
00002c95  strcpy                         
00002ca9  strlen                         
00002cbd  wcslen                         
00002ccf  __TI_decompress_none           
00002cdd  Reset_Handler                  
00002ce9  __aeabi_errno_addr             
00002cf1  malloc                         
00002d01  _system_pre_init               
00002d05  C$$EXIT                        
00002d05  abort                          
00002d08  _ctypes_                       
00002e98  __TI_Handler_Table_Base        
00002ea4  __TI_Handler_Table_Limit       
00002eb0  __TI_CINIT_Base                
00002ec0  __TI_CINIT_Limit               
20000000  _sys_memory                    
20000800  _ftable                        
200008f0  _device                        
20000968  _stream                        
200009d8  __TI_ft_end                    
200009dc  __aeabi_stdin                  
200009e0  __aeabi_stdout                 
200009e4  __aeabi_stderr                 
200009e8  __TI_cleanup_ptr               
200009ec  __TI_dtors_ptr                 
200009f0  __TI_enable_exit_profile_output
200009f4  _lock                          
200009f8  _unlock                        
20000a04  errno                          
20000a08  __CIOBUF_                      
20000b28  __TI_tmpnams                   
20000be8  parmbuf                        
2000fe00  __stack                        
20010000  __STACK_END                    
4000480c  WDTCTL_SYM                     
ffffffff  __TI_pprof_out_hndl            
ffffffff  __TI_prof_data_size            
ffffffff  __TI_prof_data_start           
ffffffff  __binit__                      
ffffffff  __c_args__                     
ffffffff  binit                          
UNDEFED   __mpu_init                     
UNDEFED   _system_post_cinit             

[177 symbols]
