******************************************************************************
                  TI ARM Linker Unix v18.12.4                  
******************************************************************************
>> Linked Fri Feb 21 18:43:51 2020

OUTPUT FILE NAME:   <146_Lab2.2.3.out>
ENTRY POINT SYMBOL: "_c_int00_noargs"  address: 00002c59


MEMORY CONFIGURATION

         name            origin    length      used     unused   attr    fill
----------------------  --------  ---------  --------  --------  ----  --------
  MAIN                  00000000   00040000  00003061  0003cf9f  R  X
  INFO                  00200000   00004000  00000000  00004000  R  X
  SRAM_CODE             01000000   00010000  00001a90  0000e570  RW X
  SRAM_DATA             20000000   00010000  00001a90  0000e570  RW  


SEGMENT ALLOCATION MAP

run origin  load origin   length   init length attrs members
----------  ----------- ---------- ----------- ----- -------
00000000    00000000    00003068   00003068    r-x
  00000000    00000000    000000e4   000000e4    r-- .intvecs
  000000e4    000000e4    00002dcc   00002dcc    r-x .text
  00002eb0    00002eb0    00000101   00000101    r-- .const
  00002fb8    00002fb8    000000b0   000000b0    r-- .cinit
20000000    20000000    00001890   00000000    rw-
  20000000    20000000    00000e88   00000000    rw- .bss
  20000e88    20000e88    00000800   00000000    rw- .sysmem
  20001688    20001688    00000208   00000000    rw- .data
2000fe00    2000fe00    00000200   00000000    rw-
  2000fe00    2000fe00    00000200   00000000    rw- .stack


SECTION ALLOCATION MAP

 output                                  attributes/
section   page    origin      length       input sections
--------  ----  ----------  ----------   ----------------
.intvecs   0    00000000    000000e4     
                  00000000    000000e4     startup_msp432p401r_ccs.obj (.intvecs:retain)

.text      0    000000e4    00002dcc     
                  000000e4    00000a4e     rtsv7M4_T_le_v4SPD16_eabi.lib : _printfi.c.obj (.text:__TI_printfi)
                  00000b32    00000002     startup_msp432p401r_ccs.obj (.text:Default_Handler)
                  00000b34    00000270     rtsv7M4_T_le_v4SPD16_eabi.lib : _printfi.c.obj (.text:_pconv_a)
                  00000da4    000001d0                                   : _printfi.c.obj (.text:_pconv_g)
                  00000f74    000001b6                                   : fd_add_t2.asm.obj (.text)
                  0000112a    00000002                                   : _lock.c.obj (.text:_nop)
                  0000112c    00000154     aes256_encrypt_decrypt.obj (.text:main)
                  00001280    0000013c     rtsv7M4_T_le_v4SPD16_eabi.lib : _printfi.c.obj (.text:_pconv_e)
                  000013bc    00000136                                   : fd_div_t2.asm.obj (.text)
                  000014f2    00000002                                   : div0.asm.obj (.text)
                  000014f4    00000124                                   : _printfi.c.obj (.text:fcvt)
                  00001618    00000118                                   : memory.c.obj (.text:aligned_alloc)
                  00001730    00000114                                   : fputs.c.obj (.text:fputs)
                  00001844    00000110                                   : s_scalbn.c.obj (.text:scalbn)
                  00001954    00000100     aes256_encrypt_decrypt.obj (.text:encrypt_message)
                  00001a54    000000fc     aes256_encrypt_decrypt.obj (.text:decrypt_message)
                  00001b50    000000fc     rtsv7M4_T_le_v4SPD16_eabi.lib : fd_mul_t2.asm.obj (.text)
                  00001c4c    000000e4                                   : memory.c.obj (.text:free)
                  00001d30    000000dc                                   : setvbuf.c.obj (.text:setvbuf)
                  00001e0c    000000b1                                   : _printfi.c.obj (.text:_ltostr)
                  00001ebd    00000001     --HOLE-- [fill = 0]
                  00001ebe    0000009c                                   : memcpy_t2.asm.obj (.text)
                  00001f5a    00000096                                   : ull_div_t2.asm.obj (.text)
                  00001ff0    0000008c                                   : fputc.c.obj (.text:fputc)
                  0000207c    00000086                                   : fd_cmp_t2.asm.obj (.text:__aeabi_cdcmple)
                  00002102    00000086                                   : fd_cmp_t2.asm.obj (.text:__aeabi_cdrcmple)
                  00002188    0000007a                                   : memset_t2.asm.obj (.text)
                  00002202    00000002     --HOLE-- [fill = 0]
                  00002204    00000078     system_msp432p401r.obj (.text:SystemInit)
                  0000227c    00000074     rtsv7M4_T_le_v4SPD16_eabi.lib : fclose.c.obj (.text:__TI_closefile)
                  000022f0    00000070                                   : memory.c.obj (.text:split)
                  00002360    0000006e                                   : _printfi.c.obj (.text:_mcpy)
                  000023ce    00000002     --HOLE-- [fill = 0]
                  000023d0    0000006c                                   : hostrename.c.obj (.text:HOSTrename)
                  0000243c    00000068                                   : hostlseek.c.obj (.text:HOSTlseek)
                  000024a4    00000068                                   : copy_decompress_lzss.c.obj (.text:decompress:lzss:__TI_decompress_lzss)
                  0000250c    00000068                                   : printf.c.obj (.text:printf)
                  00002574    00000064                                   : s_frexp.c.obj (.text:frexp)
                  000025d8    00000064                                   : fseek.c.obj (.text:fseek)
                  0000263c    00000062                                   : _io_perm.c.obj (.text:__TI_wrt_ok)
                  0000269e    00000002     --HOLE-- [fill = 0]
                  000026a0    00000060                                   : hostopen.c.obj (.text:HOSTopen)
                  00002700    0000005c                                   : close.c.obj (.text:close)
                  0000275c    00000058                                   : hostread.c.obj (.text:HOSTread)
                  000027b4    00000058                                   : hostwrite.c.obj (.text:HOSTwrite)
                  0000280c    00000056                                   : _printfi.c.obj (.text:_pconv_f)
                  00002862    00000054                                   : ltoa.c.obj (.text:ltoa)
                  000028b6    00000052                                   : _printfi.c.obj (.text:_ecpy)
                  00002908    0000004c                                   : fflush.c.obj (.text:__TI_doflush)
                  00002954    0000004c                                   : atoi.c.obj (.text:atoi)
                  000029a0    00000048                                   : exit.c.obj (.text:exit)
                  000029e8    00000048                                   : fd_toi_t2.asm.obj (.text)
                  00002a30    00000044                                   : hostclose.c.obj (.text:HOSTclose)
                  00002a74    00000044                                   : hostunlink.c.obj (.text:HOSTunlink)
                  00002ab8    00000044                                   : autoinit.c.obj (.text:__TI_auto_init_nobinit_nopinit:__TI_auto_init_nobinit_nopinit)
                  00002afc    00000044                                   : getdevice.c.obj (.text:getdevice)
                  00002b40    0000003e                                   : _printfi.c.obj (.text:_fcpy)
                  00002b7e    00000002     --HOLE-- [fill = 0]
                  00002b80    00000038                                   : trgmsg.c.obj (.text:__TI_writemsg)
                  00002bb8    00000036                                   : strncpy.c.obj (.text:strncpy)
                  00002bee    00000002     --HOLE-- [fill = 0]
                  00002bf0    00000034                                   : fopen.c.obj (.text:__TI_cleanup)
                  00002c24    00000034                                   : trgmsg.c.obj (.text:__TI_readmsg)
                  00002c58    00000034                                   : boot_cortex_m.c.obj (.text:_c_int00_noargs:_c_int00_noargs)
                  00002c8c    00000030                                   : getdevice.c.obj (.text:finddevice)
                  00002cbc    0000002e                                   : i_tofd_t2.asm.obj (.text)
                  00002cea    00000002     --HOLE-- [fill = 0]
                  00002cec    0000002c                                   : unlink.c.obj (.text:unlink)
                  00002d18    00000028                                   : memory.c.obj (.text:free_list_insert)
                  00002d40    00000028                                   : lseek.c.obj (.text:lseek)
                  00002d68    00000028                                   : write.c.obj (.text:write)
                  00002d90    00000020                                   : memchr.c.obj (.text:memchr)
                  00002db0    0000001c                                   : memory.c.obj (.text:free_list_remove)
                  00002dcc    0000001c                                   : memccpy.c.obj (.text:memccpy)
                  00002de8    0000001a                                   : s_copysign.c.obj (.text:copysign)
                  00002e02    00000018                                   : strcmp.c.obj (.text:strcmp)
                  00002e1a    00000016                                   : strchr.c.obj (.text:strchr)
                  00002e30    00000014                                   : strcpy.c.obj (.text:strcpy)
                  00002e44    00000014                                   : strlen.c.obj (.text:strlen)
                  00002e58    00000012                                   : wcslen.c.obj (.text:wcslen)
                  00002e6a    0000000e                                   : copy_decompress_none.c.obj (.text:decompress:none:__TI_decompress_none)
                  00002e78    0000000c     startup_msp432p401r_ccs.obj (.text:Reset_Handler)
                  00002e84    0000000c     rtsv7M4_T_le_v4SPD16_eabi.lib : copy_zero_init.c.obj (.text:decompress:ZI:__TI_zero_init)
                  00002e90    00000008                                   : errno.c.obj (.text:__aeabi_errno_addr)
                  00002e98    00000008                                   : memory.c.obj (.text:malloc)
                  00002ea0    00000004                                   : printf.c.obj (.text:_outc)
                  00002ea4    00000004                                   : printf.c.obj (.text:_outs)
                  00002ea8    00000004                                   : pre_init.c.obj (.text:_system_pre_init)
                  00002eac    00000004                                   : exit.c.obj (.text:abort:abort)

.const     0    00002eb0    00000101     
                  00002eb0    00000101     rtsv7M4_T_le_v4SPD16_eabi.lib : ctype.c.obj (.const:.string:_ctypes_)

.cinit     0    00002fb8    000000b0     
                  00002fb8    0000008b     (.cinit..data.load) [load image, compression = lzss]
                  00003043    00000001     --HOLE-- [fill = 0]
                  00003044    0000000c     (__TI_handler_table)
                  00003050    00000008     (.cinit..bss.load) [load image, compression = zero_init]
                  00003058    00000010     (__TI_cinit_table)

.init_array 
*          0    00000000    00000000     UNINITIALIZED

.binit     0    00000000    00000000     

.bss       0    20000000    00000e88     UNINITIALIZED
                  20000000    00000640     aes256_encrypt_decrypt.obj (.bss:DataAESdecrypted)
                  20000640    00000640     aes256_encrypt_decrypt.obj (.bss:DataAESencrypted)
                  20000c80    00000120     rtsv7M4_T_le_v4SPD16_eabi.lib : trgmsg.c.obj (.bss:_CIOBUF_)
                  20000da0    000000a0     (.common:__TI_tmpnams)
                  20000e40    00000010     aes256_encrypt_decrypt.obj (.bss:tempData$1)
                  20000e50    00000010     aes256_encrypt_decrypt.obj (.bss:tempData$3)
                  20000e60    00000010     aes256_encrypt_decrypt.obj (.bss:tempDecrypted$4)
                  20000e70    00000010     aes256_encrypt_decrypt.obj (.bss:tempEncrypted$2)
                  20000e80    00000008     (.common:parmbuf)

.sysmem    0    20000e88    00000800     UNINITIALIZED
                  20000e88    00000010     rtsv7M4_T_le_v4SPD16_eabi.lib : memory.c.obj (.sysmem)
                  20000e98    000007f0     --HOLE--

.data      0    20001688    00000208     UNINITIALIZED
                  20001688    000000f0     rtsv7M4_T_le_v4SPD16_eabi.lib : defs.c.obj (.data:_ftable)
                  20001778    00000078                                   : host_device.c.obj (.data:_device)
                  200017f0    00000050                                   : host_device.c.obj (.data:_stream)
                  20001840    00000020     aes256_encrypt_decrypt.obj (.data:CipherKey)
                  20001860    00000010     rtsv7M4_T_le_v4SPD16_eabi.lib : defs.c.obj (.data)
                  20001870    0000000c                                   : exit.c.obj (.data:$O1$$)
                  2000187c    00000008                                   : _lock.c.obj (.data:$O1$$)
                  20001884    00000008                                   : memory.c.obj (.data:$O1$$)
                  2000188c    00000004                                   : errno.c.obj (.data)

.stack     0    2000fe00    00000200     UNINITIALIZED
                  2000fe00    00000004     rtsv7M4_T_le_v4SPD16_eabi.lib : boot_cortex_m.c.obj (.stack)
                  2000fe04    000001fc     --HOLE--

MODULE SUMMARY

       Module                        code    ro data   rw data
       ------                        ----    -------   -------
    ./
       aes256_encrypt_decrypt.obj    848     0         6592   
       system_msp432p401r.obj        120     0         0      
    +--+-----------------------------+-------+---------+---------+
       Total:                        968     0         6592   
                                                              
    ./ccs/
       startup_msp432p401r_ccs.obj   14      228       0      
    +--+-----------------------------+-------+---------+---------+
       Total:                        14      228       0      
                                                              
    /Applications/ti/ccs930/ccs/tools/compiler/ti-cgt-arm_18.12.4.LTS/lib/rtsv7M4_T_le_v4SPD16_eabi.lib
       _printfi.c.obj                4851    0         0      
       defs.c.obj                    0       0         832    
       memory.c.obj                  696     0         16     
       trgmsg.c.obj                  108     0         576    
       fd_add_t2.asm.obj             438     0         0      
       host_device.c.obj             0       0         400    
       fd_div_t2.asm.obj             310     0         0      
       fputs.c.obj                   276     0         0      
       s_scalbn.c.obj                272     0         0      
       fd_cmp_t2.asm.obj             268     0         0      
       ctype.c.obj                   0       257       0      
       fd_mul_t2.asm.obj             252     0         0      
       setvbuf.c.obj                 220     0         0      
       memcpy_t2.asm.obj             156     0         0      
       ull_div_t2.asm.obj            150     0         0      
       fputc.c.obj                   140     0         0      
       memset_t2.asm.obj             122     0         0      
       fclose.c.obj                  116     0         0      
       getdevice.c.obj               116     0         0      
       hostopen.c.obj                96      0         16     
       printf.c.obj                  112     0         0      
       hostrename.c.obj              108     0         0      
       copy_decompress_lzss.c.obj    104     0         0      
       hostlseek.c.obj               104     0         0      
       exit.c.obj                    76      0         24     
       fseek.c.obj                   100     0         0      
       s_frexp.c.obj                 100     0         0      
       _io_perm.c.obj                98      0         0      
       close.c.obj                   92      0         0      
       hostread.c.obj                88      0         0      
       hostwrite.c.obj               88      0         0      
       ltoa.c.obj                    84      0         0      
       atoi.c.obj                    76      0         0      
       fflush.c.obj                  76      0         0      
       fd_toi_t2.asm.obj             72      0         0      
       autoinit.c.obj                68      0         0      
       hostclose.c.obj               68      0         0      
       hostunlink.c.obj              68      0         0      
       strncpy.c.obj                 54      0         0      
       boot_cortex_m.c.obj           52      0         0      
       fopen.c.obj                   52      0         0      
       i_tofd_t2.asm.obj             46      0         0      
       unlink.c.obj                  44      0         0      
       lseek.c.obj                   40      0         0      
       write.c.obj                   40      0         0      
       memchr.c.obj                  32      0         0      
       memccpy.c.obj                 28      0         0      
       s_copysign.c.obj              26      0         0      
       strcmp.c.obj                  24      0         0      
       strchr.c.obj                  22      0         0      
       strcpy.c.obj                  20      0         0      
       strlen.c.obj                  20      0         0      
       _lock.c.obj                   2       0         16     
       wcslen.c.obj                  18      0         0      
       errno.c.obj                   8       0         8      
       copy_decompress_none.c.obj    14      0         0      
       copy_zero_init.c.obj          12      0         0      
       pre_init.c.obj                4       0         0      
       div0.asm.obj                  2       0         0      
    +--+-----------------------------+-------+---------+---------+
       Total:                        10729   257       1888   
                                                              
       Heap:                         0       0         4096   
       Stack:                        0       0         1024   
       Linker Generated:             0       175       0      
    +--+-----------------------------+-------+---------+---------+
       Grand Total:                  11711   660       13600  


LINKER GENERATED COPY TABLES

__TI_cinit_table @ 00003058 records: 2, size/record: 8, table size: 16
	.data: load addr=00002fb8, load size=0000008b bytes, run addr=20001688, run size=00000208 bytes, compression=lzss
	.bss: load addr=00003050, load size=00000008 bytes, run addr=20000000, run size=00000e88 bytes, compression=zero_init


LINKER GENERATED HANDLER TABLE

__TI_handler_table @ 00003044 records: 3, size/record: 4, table size: 12
	index: 0, handler: __TI_decompress_lzss
	index: 1, handler: __TI_decompress_none
	index: 2, handler: __TI_zero_init


GLOBAL SYMBOLS: SORTED ALPHABETICALLY BY Name 

address   name                           
-------   ----                           
00000b33  ADC14_IRQHandler               
00000b33  AES256_IRQHandler              
00000b33  BusFault_Handler               
00002ead  C$$EXIT                        
00002baf  C$$IO$$                        
00000b33  COMP_E0_IRQHandler             
00000b33  COMP_E1_IRQHandler             
00000b33  CS_IRQHandler                  
00000b33  DMA_ERR_IRQHandler             
00000b33  DMA_INT0_IRQHandler            
00000b33  DMA_INT1_IRQHandler            
00000b33  DMA_INT2_IRQHandler            
00000b33  DMA_INT3_IRQHandler            
00000b33  DebugMon_Handler               
00000b33  Default_Handler                
00000b33  EUSCIA0_IRQHandler             
00000b33  EUSCIA1_IRQHandler             
00000b33  EUSCIA2_IRQHandler             
00000b33  EUSCIA3_IRQHandler             
00000b33  EUSCIB0_IRQHandler             
00000b33  EUSCIB1_IRQHandler             
00000b33  EUSCIB2_IRQHandler             
00000b33  EUSCIB3_IRQHandler             
00000b33  FLCTL_IRQHandler               
00000b33  FPU_IRQHandler                 
00002a31  HOSTclose                      
0000243d  HOSTlseek                      
000026a1  HOSTopen                       
0000275d  HOSTread                       
000023d1  HOSTrename                     
00002a75  HOSTunlink                     
000027b5  HOSTwrite                      
00000b33  HardFault_Handler              
00000b33  MemManage_Handler              
00000b33  NMI_Handler                    
00000b33  PCM_IRQHandler                 
00000b33  PORT1_IRQHandler               
00000b33  PORT2_IRQHandler               
00000b33  PORT3_IRQHandler               
00000b33  PORT4_IRQHandler               
00000b33  PORT5_IRQHandler               
00000b33  PORT6_IRQHandler               
00000b33  PSS_IRQHandler                 
00000b33  PendSV_Handler                 
00000b33  RTC_C_IRQHandler               
00002e79  Reset_Handler                  
00000b33  SVC_Handler                    
00000b33  SysTick_Handler                
00002205  SystemInit                     
00000b33  T32_INT1_IRQHandler            
00000b33  T32_INT2_IRQHandler            
00000b33  T32_INTC_IRQHandler            
00000b33  TA0_0_IRQHandler               
00000b33  TA0_N_IRQHandler               
00000b33  TA1_0_IRQHandler               
00000b33  TA1_N_IRQHandler               
00000b33  TA2_0_IRQHandler               
00000b33  TA2_N_IRQHandler               
00000b33  TA3_0_IRQHandler               
00000b33  TA3_N_IRQHandler               
00000b33  UsageFault_Handler             
4000480c  WDTCTL_SYM                     
00000b33  WDT_A_IRQHandler               
20000c80  __CIOBUF_                      
20010000  __STACK_END                    
00000200  __STACK_SIZE                   
00000800  __SYSMEM_SIZE                  
00003058  __TI_CINIT_Base                
00003068  __TI_CINIT_Limit               
00003044  __TI_Handler_Table_Base        
00003050  __TI_Handler_Table_Limit       
00002ab9  __TI_auto_init_nobinit_nopinit 
00002bf1  __TI_cleanup                   
20001870  __TI_cleanup_ptr               
0000227d  __TI_closefile                 
000024a5  __TI_decompress_lzss           
00002e6b  __TI_decompress_none           
00002909  __TI_doflush                   
20001874  __TI_dtors_ptr                 
20001878  __TI_enable_exit_profile_output
20001860  __TI_ft_end                    
ffffffff  __TI_pprof_out_hndl            
000000e5  __TI_printfi                   
ffffffff  __TI_prof_data_size            
ffffffff  __TI_prof_data_start           
00002c25  __TI_readmsg                   
00000000  __TI_static_base__             
20000da0  __TI_tmpnams                   
00002b81  __TI_writemsg                  
0000263d  __TI_wrt_ok                    
00002e85  __TI_zero_init                 
0000207d  __aeabi_cdcmpeq                
0000207d  __aeabi_cdcmple                
00002103  __aeabi_cdrcmple               
000029e9  __aeabi_d2iz                   
00000f7f  __aeabi_dadd                   
000013bd  __aeabi_ddiv                   
00001b51  __aeabi_dmul                   
00000f75  __aeabi_dsub                   
00002e91  __aeabi_errno_addr             
00002cbd  __aeabi_i2d                    
000014f3  __aeabi_idiv0                  
000014f3  __aeabi_ldiv0                  
00002189  __aeabi_memclr                 
00002189  __aeabi_memclr4                
00002189  __aeabi_memclr8                
00001ebf  __aeabi_memcpy                 
00001ebf  __aeabi_memcpy4                
00001ebf  __aeabi_memcpy8                
0000218b  __aeabi_memset                 
0000218b  __aeabi_memset4                
0000218b  __aeabi_memset8                
2000186c  __aeabi_stderr                 
20001864  __aeabi_stdin                  
20001868  __aeabi_stdout                 
00001f5b  __aeabi_uldivmod               
ffffffff  __binit__                      
ffffffff  __c_args__                     
UNDEFED   __mpu_init                     
2000fe00  __stack                        
00002c59  _c_int00_noargs                
00002eb0  _ctypes_                       
20001778  _device                        
20001688  _ftable                        
2000187c  _lock                          
0000112b  _nop                           
200017f0  _stream                        
20000e88  _sys_memory                    
UNDEFED   _system_post_cinit             
00002ea9  _system_pre_init               
20001880  _unlock                        
00002ead  abort                          
00001619  aligned_alloc                  
00002955  atoi                           
ffffffff  binit                          
00002701  close                          
00002de9  copysign                       
00002de9  copysignl                      
00001a55  decrypt_message                
00001955  encrypt_message                
2000188c  errno                          
000029a1  exit                           
00002c8d  finddevice                     
00001ff1  fputc                          
00001731  fputs                          
00001c4d  free                           
00002575  frexp                          
00002575  frexpl                         
000025d9  fseek                          
00002afd  getdevice                      
00000000  interruptVectors               
00001845  ldexp                          
00001845  ldexpl                         
00002d41  lseek                          
00002863  ltoa                           
0000112d  main                           
00002e99  malloc                         
00001619  memalign                       
00002dcd  memccpy                        
00002d91  memchr                         
00001ebf  memcpy                         
00002191  memset                         
20000e80  parmbuf                        
0000250d  printf                         
00001ff1  putc                           
00002ced  remove                         
00001845  scalbn                         
00001845  scalbnl                        
00001d31  setvbuf                        
00002e1b  strchr                         
00002e03  strcmp                         
00002e31  strcpy                         
00002e45  strlen                         
00002bb9  strncpy                        
00002ced  unlink                         
00002e59  wcslen                         
00002d69  write                          


GLOBAL SYMBOLS: SORTED BY Symbol Address 

address   name                           
-------   ----                           
00000000  __TI_static_base__             
00000000  interruptVectors               
000000e5  __TI_printfi                   
00000200  __STACK_SIZE                   
00000800  __SYSMEM_SIZE                  
00000b33  ADC14_IRQHandler               
00000b33  AES256_IRQHandler              
00000b33  BusFault_Handler               
00000b33  COMP_E0_IRQHandler             
00000b33  COMP_E1_IRQHandler             
00000b33  CS_IRQHandler                  
00000b33  DMA_ERR_IRQHandler             
00000b33  DMA_INT0_IRQHandler            
00000b33  DMA_INT1_IRQHandler            
00000b33  DMA_INT2_IRQHandler            
00000b33  DMA_INT3_IRQHandler            
00000b33  DebugMon_Handler               
00000b33  Default_Handler                
00000b33  EUSCIA0_IRQHandler             
00000b33  EUSCIA1_IRQHandler             
00000b33  EUSCIA2_IRQHandler             
00000b33  EUSCIA3_IRQHandler             
00000b33  EUSCIB0_IRQHandler             
00000b33  EUSCIB1_IRQHandler             
00000b33  EUSCIB2_IRQHandler             
00000b33  EUSCIB3_IRQHandler             
00000b33  FLCTL_IRQHandler               
00000b33  FPU_IRQHandler                 
00000b33  HardFault_Handler              
00000b33  MemManage_Handler              
00000b33  NMI_Handler                    
00000b33  PCM_IRQHandler                 
00000b33  PORT1_IRQHandler               
00000b33  PORT2_IRQHandler               
00000b33  PORT3_IRQHandler               
00000b33  PORT4_IRQHandler               
00000b33  PORT5_IRQHandler               
00000b33  PORT6_IRQHandler               
00000b33  PSS_IRQHandler                 
00000b33  PendSV_Handler                 
00000b33  RTC_C_IRQHandler               
00000b33  SVC_Handler                    
00000b33  SysTick_Handler                
00000b33  T32_INT1_IRQHandler            
00000b33  T32_INT2_IRQHandler            
00000b33  T32_INTC_IRQHandler            
00000b33  TA0_0_IRQHandler               
00000b33  TA0_N_IRQHandler               
00000b33  TA1_0_IRQHandler               
00000b33  TA1_N_IRQHandler               
00000b33  TA2_0_IRQHandler               
00000b33  TA2_N_IRQHandler               
00000b33  TA3_0_IRQHandler               
00000b33  TA3_N_IRQHandler               
00000b33  UsageFault_Handler             
00000b33  WDT_A_IRQHandler               
00000f75  __aeabi_dsub                   
00000f7f  __aeabi_dadd                   
0000112b  _nop                           
0000112d  main                           
000013bd  __aeabi_ddiv                   
000014f3  __aeabi_idiv0                  
000014f3  __aeabi_ldiv0                  
00001619  aligned_alloc                  
00001619  memalign                       
00001731  fputs                          
00001845  ldexp                          
00001845  ldexpl                         
00001845  scalbn                         
00001845  scalbnl                        
00001955  encrypt_message                
00001a55  decrypt_message                
00001b51  __aeabi_dmul                   
00001c4d  free                           
00001d31  setvbuf                        
00001ebf  __aeabi_memcpy                 
00001ebf  __aeabi_memcpy4                
00001ebf  __aeabi_memcpy8                
00001ebf  memcpy                         
00001f5b  __aeabi_uldivmod               
00001ff1  fputc                          
00001ff1  putc                           
0000207d  __aeabi_cdcmpeq                
0000207d  __aeabi_cdcmple                
00002103  __aeabi_cdrcmple               
00002189  __aeabi_memclr                 
00002189  __aeabi_memclr4                
00002189  __aeabi_memclr8                
0000218b  __aeabi_memset                 
0000218b  __aeabi_memset4                
0000218b  __aeabi_memset8                
00002191  memset                         
00002205  SystemInit                     
0000227d  __TI_closefile                 
000023d1  HOSTrename                     
0000243d  HOSTlseek                      
000024a5  __TI_decompress_lzss           
0000250d  printf                         
00002575  frexp                          
00002575  frexpl                         
000025d9  fseek                          
0000263d  __TI_wrt_ok                    
000026a1  HOSTopen                       
00002701  close                          
0000275d  HOSTread                       
000027b5  HOSTwrite                      
00002863  ltoa                           
00002909  __TI_doflush                   
00002955  atoi                           
000029a1  exit                           
000029e9  __aeabi_d2iz                   
00002a31  HOSTclose                      
00002a75  HOSTunlink                     
00002ab9  __TI_auto_init_nobinit_nopinit 
00002afd  getdevice                      
00002b81  __TI_writemsg                  
00002baf  C$$IO$$                        
00002bb9  strncpy                        
00002bf1  __TI_cleanup                   
00002c25  __TI_readmsg                   
00002c59  _c_int00_noargs                
00002c8d  finddevice                     
00002cbd  __aeabi_i2d                    
00002ced  remove                         
00002ced  unlink                         
00002d41  lseek                          
00002d69  write                          
00002d91  memchr                         
00002dcd  memccpy                        
00002de9  copysign                       
00002de9  copysignl                      
00002e03  strcmp                         
00002e1b  strchr                         
00002e31  strcpy                         
00002e45  strlen                         
00002e59  wcslen                         
00002e6b  __TI_decompress_none           
00002e79  Reset_Handler                  
00002e85  __TI_zero_init                 
00002e91  __aeabi_errno_addr             
00002e99  malloc                         
00002ea9  _system_pre_init               
00002ead  C$$EXIT                        
00002ead  abort                          
00002eb0  _ctypes_                       
00003044  __TI_Handler_Table_Base        
00003050  __TI_Handler_Table_Limit       
00003058  __TI_CINIT_Base                
00003068  __TI_CINIT_Limit               
20000c80  __CIOBUF_                      
20000da0  __TI_tmpnams                   
20000e80  parmbuf                        
20000e88  _sys_memory                    
20001688  _ftable                        
20001778  _device                        
200017f0  _stream                        
20001860  __TI_ft_end                    
20001864  __aeabi_stdin                  
20001868  __aeabi_stdout                 
2000186c  __aeabi_stderr                 
20001870  __TI_cleanup_ptr               
20001874  __TI_dtors_ptr                 
20001878  __TI_enable_exit_profile_output
2000187c  _lock                          
20001880  _unlock                        
2000188c  errno                          
2000fe00  __stack                        
20010000  __STACK_END                    
4000480c  WDTCTL_SYM                     
ffffffff  __TI_pprof_out_hndl            
ffffffff  __TI_prof_data_size            
ffffffff  __TI_prof_data_start           
ffffffff  __binit__                      
ffffffff  __c_args__                     
ffffffff  binit                          
UNDEFED   __mpu_init                     
UNDEFED   _system_post_cinit             

[177 symbols]
