******************************************************************************
                  TI ARM Linker Unix v18.12.4                  
******************************************************************************
>> Linked Fri Mar 20 23:41:38 2020

OUTPUT FILE NAME:   <146_Lab4.4.out>
ENTRY POINT SYMBOL: "_c_int00_noargs"  address: 00000639


MEMORY CONFIGURATION

         name            origin    length      used     unused   attr    fill
----------------------  --------  ---------  --------  --------  ----  --------
  MAIN                  00000000   00040000  00000708  0003f8f8  R  X
  INFO                  00200000   00004000  00000000  00004000  R  X
  SRAM_CODE             01000000   00010000  00000208  0000fdf8  RW X
  SRAM_DATA             20000000   00010000  00000208  0000fdf8  RW  


SEGMENT ALLOCATION MAP

run origin  load origin   length   init length attrs members
----------  ----------- ---------- ----------- ----- -------
00000000    00000000    0000070c   0000070c    r-x
  00000000    00000000    000000e4   000000e4    r-- .intvecs
  000000e4    000000e4    00000610   00000610    r-x .text
  000006f8    000006f8    00000014   00000014    r-- .cinit
20000000    20000000    00000008   00000000    rw-
  20000000    20000000    00000008   00000000    rw- .bss
2000fe00    2000fe00    00000200   00000000    rw-
  2000fe00    2000fe00    00000200   00000000    rw- .stack


SECTION ALLOCATION MAP

 output                                  attributes/
section   page    origin      length       input sections
--------  ----  ----------  ----------   ----------------
.intvecs   0    00000000    000000e4     
                  00000000    000000e4     startup_msp432p401r_ccs.obj (.intvecs:retain)

.text      0    000000e4    00000610     
                  000000e4    00000104     msp432p4xx_driverlib.lib : cs.o (.text:_CSComputeCLKFrequency)
                  000001e8    000000f8                              : cs.o (.text:CS_getDCOFrequency)
                  000002e0    000000cc     main.obj (.text:main)
                  000003ac    00000094     msp432p4xx_driverlib.lib : sysctl_a.o (.text:SysCtl_A_getTLVInfo)
                  00000440    0000007c                              : cs.o (.text:_CSGetDOCFrequency)
                  000004bc    00000078     system_msp432p401r.obj (.text:SystemInit)
                  00000534    00000062     msp432p4xx_driverlib.lib : cs.o (.text:_CSGetDividerValue)
                  00000596    00000002     startup_msp432p401r_ccs.obj (.text:Default_Handler)
                  00000598    0000005c     main.obj (.text:delay_ms)
                  000005f4    00000044     rtsv7M4_T_le_v4SPD16_eabi.lib : autoinit.c.obj (.text:__TI_auto_init_nobinit_nopinit:__TI_auto_init_nobinit_nopinit)
                  00000638    00000034                                   : boot_cortex_m.c.obj (.text:_c_int00_noargs:_c_int00_noargs)
                  0000066c    00000030     msp432p4xx_driverlib.lib : cs.o (.text:CS_clearInterruptFlag)
                  0000069c    00000028                              : cs.o (.text:CS_getMCLK)
                  000006c4    0000001c     rtsv7M4_T_le_v4SPD16_eabi.lib : copy_zero_init.c.obj (.text:decompress:ZI:__TI_zero_init_nomemset:__TI_zero_init_nomemset)
                  000006e0    0000000c     startup_msp432p401r_ccs.obj (.text:Reset_Handler)
                  000006ec    00000004     rtsv7M4_T_le_v4SPD16_eabi.lib : pre_init.c.obj (.text:_system_pre_init)
                  000006f0    00000004                                   : exit.c.obj (.text:abort:abort)

.cinit     0    000006f8    00000014     
                  000006f8    00000008     (.cinit..bss.load) [load image, compression = zero_init]
                  00000700    00000004     (__TI_handler_table)
                  00000704    00000008     (__TI_cinit_table)

.init_array 
*          0    00000000    00000000     UNINITIALIZED

.binit     0    00000000    00000000     

.bss       0    20000000    00000008     UNINITIALIZED
                  20000000    00000008     msp432p4xx_driverlib.lib : cs.o (.bss)

.stack     0    2000fe00    00000200     UNINITIALIZED
                  2000fe00    00000004     rtsv7M4_T_le_v4SPD16_eabi.lib : boot_cortex_m.c.obj (.stack)
                  2000fe04    000001fc     --HOLE--

MODULE SUMMARY

       Module                        code   ro data   rw data
       ------                        ----   -------   -------
    ./
       main.obj                      296    0         0      
       system_msp432p401r.obj        120    0         0      
    +--+-----------------------------+------+---------+---------+
       Total:                        416    0         0      
                                                             
    ./ccs/
       startup_msp432p401r_ccs.obj   14     228       0      
    +--+-----------------------------+------+---------+---------+
       Total:                        14     228       0      
                                                             
    /Applications/ti/ccs930/ccs/tools/compiler/ti-cgt-arm_18.12.4.LTS/lib/rtsv7M4_T_le_v4SPD16_eabi.lib
       autoinit.c.obj                68     0         0      
       boot_cortex_m.c.obj           52     0         0      
       copy_zero_init.c.obj          28     0         0      
       exit.c.obj                    4      0         0      
       pre_init.c.obj                4      0         0      
    +--+-----------------------------+------+---------+---------+
       Total:                        156    0         0      
                                                             
    /Users/matthewscott/ti/simplelink_msp432p4_sdk_3_40_01_02/source/ti/devices/msp432p4xx/driverlib/ccs/msp432p4xx_driverlib.lib
       cs.o                          818    0         16     
       sysctl_a.o                    148    0         0      
    +--+-----------------------------+------+---------+---------+
       Total:                        966    0         16     
                                                             
       Stack:                        0      0         1024   
       Linker Generated:             0      20        0      
    +--+-----------------------------+------+---------+---------+
       Grand Total:                  1552   248       1040   


LINKER GENERATED COPY TABLES

__TI_cinit_table @ 00000704 records: 1, size/record: 8, table size: 8
	.bss: load addr=000006f8, load size=00000008 bytes, run addr=20000000, run size=00000008 bytes, compression=zero_init


LINKER GENERATED HANDLER TABLE

__TI_handler_table @ 00000700 records: 1, size/record: 4, table size: 4
	index: 0, handler: __TI_zero_init


GLOBAL SYMBOLS: SORTED ALPHABETICALLY BY Name 

address   name                          
-------   ----                          
00000597  ADC14_IRQHandler              
00000597  AES256_IRQHandler             
00000597  BusFault_Handler              
000006f1  C$$EXIT                       
00000597  COMP_E0_IRQHandler            
00000597  COMP_E1_IRQHandler            
00000597  CS_IRQHandler                 
0000066d  CS_clearInterruptFlag         
000001e9  CS_getDCOFrequency            
0000069d  CS_getMCLK                    
00000597  DMA_ERR_IRQHandler            
00000597  DMA_INT0_IRQHandler           
00000597  DMA_INT1_IRQHandler           
00000597  DMA_INT2_IRQHandler           
00000597  DMA_INT3_IRQHandler           
00000597  DebugMon_Handler              
00000597  Default_Handler               
00000597  EUSCIA0_IRQHandler            
00000597  EUSCIA1_IRQHandler            
00000597  EUSCIA2_IRQHandler            
00000597  EUSCIA3_IRQHandler            
00000597  EUSCIB0_IRQHandler            
00000597  EUSCIB1_IRQHandler            
00000597  EUSCIB2_IRQHandler            
00000597  EUSCIB3_IRQHandler            
00000597  FLCTL_IRQHandler              
00000597  FPU_IRQHandler                
00000597  HardFault_Handler             
00000597  MemManage_Handler             
00000597  NMI_Handler                   
00000597  PCM_IRQHandler                
00000597  PORT1_IRQHandler              
00000597  PORT2_IRQHandler              
00000597  PORT3_IRQHandler              
00000597  PORT4_IRQHandler              
00000597  PORT5_IRQHandler              
00000597  PORT6_IRQHandler              
00000597  PSS_IRQHandler                
00000597  PendSV_Handler                
00000597  RTC_C_IRQHandler              
000006e1  Reset_Handler                 
00000597  SVC_Handler                   
000003ad  SysCtl_A_getTLVInfo           
00000597  SysTick_Handler               
000004bd  SystemInit                    
00000597  T32_INT1_IRQHandler           
00000597  T32_INT2_IRQHandler           
00000597  T32_INTC_IRQHandler           
00000597  TA0_0_IRQHandler              
00000597  TA0_N_IRQHandler              
00000597  TA1_0_IRQHandler              
00000597  TA1_N_IRQHandler              
00000597  TA2_0_IRQHandler              
00000597  TA2_N_IRQHandler              
00000597  TA3_0_IRQHandler              
00000597  TA3_N_IRQHandler              
00000597  UsageFault_Handler            
4000480c  WDTCTL_SYM                    
00000597  WDT_A_IRQHandler              
20010000  __STACK_END                   
00000200  __STACK_SIZE                  
00000704  __TI_CINIT_Base               
0000070c  __TI_CINIT_Limit              
00000700  __TI_Handler_Table_Base       
00000704  __TI_Handler_Table_Limit      
000005f5  __TI_auto_init_nobinit_nopinit
ffffffff  __TI_pprof_out_hndl           
ffffffff  __TI_prof_data_size           
ffffffff  __TI_prof_data_start          
00000000  __TI_static_base__            
000006c5  __TI_zero_init_nomemset       
ffffffff  __binit__                     
ffffffff  __c_args__                    
UNDEFED   __mpu_init                    
2000fe00  __stack                       
00000639  _c_int00_noargs               
UNDEFED   _system_post_cinit            
000006ed  _system_pre_init              
000006f1  abort                         
ffffffff  binit                         
00000599  delay_ms                      
00000000  interruptVectors              
000002e1  main                          


GLOBAL SYMBOLS: SORTED BY Symbol Address 

address   name                          
-------   ----                          
00000000  __TI_static_base__            
00000000  interruptVectors              
000001e9  CS_getDCOFrequency            
00000200  __STACK_SIZE                  
000002e1  main                          
000003ad  SysCtl_A_getTLVInfo           
000004bd  SystemInit                    
00000597  ADC14_IRQHandler              
00000597  AES256_IRQHandler             
00000597  BusFault_Handler              
00000597  COMP_E0_IRQHandler            
00000597  COMP_E1_IRQHandler            
00000597  CS_IRQHandler                 
00000597  DMA_ERR_IRQHandler            
00000597  DMA_INT0_IRQHandler           
00000597  DMA_INT1_IRQHandler           
00000597  DMA_INT2_IRQHandler           
00000597  DMA_INT3_IRQHandler           
00000597  DebugMon_Handler              
00000597  Default_Handler               
00000597  EUSCIA0_IRQHandler            
00000597  EUSCIA1_IRQHandler            
00000597  EUSCIA2_IRQHandler            
00000597  EUSCIA3_IRQHandler            
00000597  EUSCIB0_IRQHandler            
00000597  EUSCIB1_IRQHandler            
00000597  EUSCIB2_IRQHandler            
00000597  EUSCIB3_IRQHandler            
00000597  FLCTL_IRQHandler              
00000597  FPU_IRQHandler                
00000597  HardFault_Handler             
00000597  MemManage_Handler             
00000597  NMI_Handler                   
00000597  PCM_IRQHandler                
00000597  PORT1_IRQHandler              
00000597  PORT2_IRQHandler              
00000597  PORT3_IRQHandler              
00000597  PORT4_IRQHandler              
00000597  PORT5_IRQHandler              
00000597  PORT6_IRQHandler              
00000597  PSS_IRQHandler                
00000597  PendSV_Handler                
00000597  RTC_C_IRQHandler              
00000597  SVC_Handler                   
00000597  SysTick_Handler               
00000597  T32_INT1_IRQHandler           
00000597  T32_INT2_IRQHandler           
00000597  T32_INTC_IRQHandler           
00000597  TA0_0_IRQHandler              
00000597  TA0_N_IRQHandler              
00000597  TA1_0_IRQHandler              
00000597  TA1_N_IRQHandler              
00000597  TA2_0_IRQHandler              
00000597  TA2_N_IRQHandler              
00000597  TA3_0_IRQHandler              
00000597  TA3_N_IRQHandler              
00000597  UsageFault_Handler            
00000597  WDT_A_IRQHandler              
00000599  delay_ms                      
000005f5  __TI_auto_init_nobinit_nopinit
00000639  _c_int00_noargs               
0000066d  CS_clearInterruptFlag         
0000069d  CS_getMCLK                    
000006c5  __TI_zero_init_nomemset       
000006e1  Reset_Handler                 
000006ed  _system_pre_init              
000006f1  C$$EXIT                       
000006f1  abort                         
00000700  __TI_Handler_Table_Base       
00000704  __TI_CINIT_Base               
00000704  __TI_Handler_Table_Limit      
0000070c  __TI_CINIT_Limit              
2000fe00  __stack                       
20010000  __STACK_END                   
4000480c  WDTCTL_SYM                    
ffffffff  __TI_pprof_out_hndl           
ffffffff  __TI_prof_data_size           
ffffffff  __TI_prof_data_start          
ffffffff  __binit__                     
ffffffff  __c_args__                    
ffffffff  binit                         
UNDEFED   __mpu_init                    
UNDEFED   _system_post_cinit            

[83 symbols]
