******************************************************************************
                  TI ARM Linker Unix v18.12.4                  
******************************************************************************
>> Linked Wed Mar  4 15:48:21 2020

OUTPUT FILE NAME:   <146_Lab2.2.1.out>
ENTRY POINT SYMBOL: "_c_int00_noargs"  address: 00002a45


MEMORY CONFIGURATION

         name            origin    length      used     unused   attr    fill
----------------------  --------  ---------  --------  --------  ----  --------
  MAIN                  00000000   00040000  00002e6d  0003d193  R  X
  INFO                  00200000   00004000  00000000  00004000  R  X
  SRAM_CODE             01000000   00010000  00000e00  0000f200  RW X
  SRAM_DATA             20000000   00010000  00000e00  0000f200  RW  


SEGMENT ALLOCATION MAP

run origin  load origin   length   init length attrs members
----------  ----------- ---------- ----------- ----- -------
00000000    00000000    00002e70   00002e70    r-x
  00000000    00000000    000000e4   000000e4    r-- .intvecs
  000000e4    000000e4    00002bc8   00002bc8    r-x .text
  00002cac    00002cac    00000101   00000101    r-- .const
  00002db0    00002db0    000000c0   000000c0    r-- .cinit
20000000    20000000    00000c00   00000000    rw-
  20000000    20000000    00000800   00000000    rw- .sysmem
  20000800    20000800    00000218   00000000    rw- .data
  20000a18    20000a18    000001e8   00000000    rw- .bss
2000fe00    2000fe00    00000200   00000000    rw-
  2000fe00    2000fe00    00000200   00000000    rw- .stack


SECTION ALLOCATION MAP

 output                                  attributes/
section   page    origin      length       input sections
--------  ----  ----------  ----------   ----------------
.intvecs   0    00000000    000000e4     
                  00000000    000000e4     startup_msp432p401r_ccs.obj (.intvecs:retain)

.text      0    000000e4    00002bc8     
                  000000e4    00000a4e     rtsv7M4_T_le_v4SPD16_eabi.lib : _printfi.c.obj (.text:__TI_printfi)
                  00000b32    00000002     startup_msp432p401r_ccs.obj (.text:Default_Handler)
                  00000b34    00000270     rtsv7M4_T_le_v4SPD16_eabi.lib : _printfi.c.obj (.text:_pconv_a)
                  00000da4    000001d0                                   : _printfi.c.obj (.text:_pconv_g)
                  00000f74    000001b6                                   : fd_add_t2.asm.obj (.text)
                  0000112a    00000002                                   : _lock.c.obj (.text:_nop)
                  0000112c    0000013c                                   : _printfi.c.obj (.text:_pconv_e)
                  00001268    00000136                                   : fd_div_t2.asm.obj (.text)
                  0000139e    00000002                                   : div0.asm.obj (.text)
                  000013a0    00000124                                   : _printfi.c.obj (.text:fcvt)
                  000014c4    00000118                                   : memory.c.obj (.text:aligned_alloc)
                  000015dc    00000114                                   : fputs.c.obj (.text:fputs)
                  000016f0    00000110                                   : s_scalbn.c.obj (.text:scalbn)
                  00001800    000000fc                                   : fd_mul_t2.asm.obj (.text)
                  000018fc    000000e4                                   : memory.c.obj (.text:free)
                  000019e0    000000dc                                   : setvbuf.c.obj (.text:setvbuf)
                  00001abc    000000c8     aes256_encrypt_decrypt.obj (.text:printData)
                  00001b84    000000b1     rtsv7M4_T_le_v4SPD16_eabi.lib : _printfi.c.obj (.text:_ltostr)
                  00001c35    00000001     --HOLE-- [fill = 0]
                  00001c36    0000009c                                   : memcpy_t2.asm.obj (.text)
                  00001cd2    00000096                                   : ull_div_t2.asm.obj (.text)
                  00001d68    0000008c                                   : fputc.c.obj (.text:fputc)
                  00001df4    00000086                                   : fd_cmp_t2.asm.obj (.text:__aeabi_cdcmple)
                  00001e7a    00000086                                   : fd_cmp_t2.asm.obj (.text:__aeabi_cdrcmple)
                  00001f00    0000007a                                   : memset_t2.asm.obj (.text)
                  00001f7a    00000002     --HOLE-- [fill = 0]
                  00001f7c    00000078     system_msp432p401r.obj (.text:SystemInit)
                  00001ff4    00000074     rtsv7M4_T_le_v4SPD16_eabi.lib : fclose.c.obj (.text:__TI_closefile)
                  00002068    00000074     aes256_encrypt_decrypt.obj (.text:main)
                  000020dc    00000070     rtsv7M4_T_le_v4SPD16_eabi.lib : memory.c.obj (.text:split)
                  0000214c    0000006e                                   : _printfi.c.obj (.text:_mcpy)
                  000021ba    00000002     --HOLE-- [fill = 0]
                  000021bc    0000006c                                   : hostrename.c.obj (.text:HOSTrename)
                  00002228    00000068                                   : hostlseek.c.obj (.text:HOSTlseek)
                  00002290    00000068                                   : copy_decompress_lzss.c.obj (.text:decompress:lzss:__TI_decompress_lzss)
                  000022f8    00000068                                   : printf.c.obj (.text:printf)
                  00002360    00000064                                   : s_frexp.c.obj (.text:frexp)
                  000023c4    00000064                                   : fseek.c.obj (.text:fseek)
                  00002428    00000062                                   : _io_perm.c.obj (.text:__TI_wrt_ok)
                  0000248a    00000002     --HOLE-- [fill = 0]
                  0000248c    00000060                                   : hostopen.c.obj (.text:HOSTopen)
                  000024ec    0000005c                                   : close.c.obj (.text:close)
                  00002548    00000058                                   : hostread.c.obj (.text:HOSTread)
                  000025a0    00000058                                   : hostwrite.c.obj (.text:HOSTwrite)
                  000025f8    00000056                                   : _printfi.c.obj (.text:_pconv_f)
                  0000264e    00000054                                   : ltoa.c.obj (.text:ltoa)
                  000026a2    00000052                                   : _printfi.c.obj (.text:_ecpy)
                  000026f4    0000004c                                   : fflush.c.obj (.text:__TI_doflush)
                  00002740    0000004c                                   : atoi.c.obj (.text:atoi)
                  0000278c    00000048                                   : exit.c.obj (.text:exit)
                  000027d4    00000048                                   : fd_toi_t2.asm.obj (.text)
                  0000281c    00000044                                   : hostclose.c.obj (.text:HOSTclose)
                  00002860    00000044                                   : hostunlink.c.obj (.text:HOSTunlink)
                  000028a4    00000044                                   : autoinit.c.obj (.text:__TI_auto_init_nobinit_nopinit:__TI_auto_init_nobinit_nopinit)
                  000028e8    00000044                                   : getdevice.c.obj (.text:getdevice)
                  0000292c    0000003e                                   : _printfi.c.obj (.text:_fcpy)
                  0000296a    00000002     --HOLE-- [fill = 0]
                  0000296c    00000038                                   : trgmsg.c.obj (.text:__TI_writemsg)
                  000029a4    00000036                                   : strncpy.c.obj (.text:strncpy)
                  000029da    00000002     --HOLE-- [fill = 0]
                  000029dc    00000034                                   : fopen.c.obj (.text:__TI_cleanup)
                  00002a10    00000034                                   : trgmsg.c.obj (.text:__TI_readmsg)
                  00002a44    00000034                                   : boot_cortex_m.c.obj (.text:_c_int00_noargs:_c_int00_noargs)
                  00002a78    00000030                                   : getdevice.c.obj (.text:finddevice)
                  00002aa8    0000002e                                   : i_tofd_t2.asm.obj (.text)
                  00002ad6    00000002     --HOLE-- [fill = 0]
                  00002ad8    0000002c                                   : unlink.c.obj (.text:unlink)
                  00002b04    00000028                                   : memory.c.obj (.text:free_list_insert)
                  00002b2c    00000028                                   : lseek.c.obj (.text:lseek)
                  00002b54    00000028                                   : write.c.obj (.text:write)
                  00002b7c    00000020                                   : memchr.c.obj (.text:memchr)
                  00002b9c    0000001c                                   : copy_zero_init.c.obj (.text:decompress:ZI:__TI_zero_init_nomemset:__TI_zero_init_nomemset)
                  00002bb8    0000001c                                   : memory.c.obj (.text:free_list_remove)
                  00002bd4    0000001c                                   : memccpy.c.obj (.text:memccpy)
                  00002bf0    0000001a                                   : s_copysign.c.obj (.text:copysign)
                  00002c0a    00000018                                   : strcmp.c.obj (.text:strcmp)
                  00002c22    00000016                                   : strchr.c.obj (.text:strchr)
                  00002c38    00000014                                   : strcpy.c.obj (.text:strcpy)
                  00002c4c    00000014                                   : strlen.c.obj (.text:strlen)
                  00002c60    00000012                                   : wcslen.c.obj (.text:wcslen)
                  00002c72    0000000e                                   : copy_decompress_none.c.obj (.text:decompress:none:__TI_decompress_none)
                  00002c80    0000000c     startup_msp432p401r_ccs.obj (.text:Reset_Handler)
                  00002c8c    00000008     rtsv7M4_T_le_v4SPD16_eabi.lib : errno.c.obj (.text:__aeabi_errno_addr)
                  00002c94    00000008                                   : memory.c.obj (.text:malloc)
                  00002c9c    00000004                                   : printf.c.obj (.text:_outc)
                  00002ca0    00000004                                   : printf.c.obj (.text:_outs)
                  00002ca4    00000004                                   : pre_init.c.obj (.text:_system_pre_init)
                  00002ca8    00000004                                   : exit.c.obj (.text:abort:abort)

.const     0    00002cac    00000101     
                  00002cac    00000101     rtsv7M4_T_le_v4SPD16_eabi.lib : ctype.c.obj (.const:.string:_ctypes_)

.cinit     0    00002db0    000000c0     
                  00002db0    00000099     (.cinit..data.load) [load image, compression = lzss]
                  00002e49    00000003     --HOLE-- [fill = 0]
                  00002e4c    0000000c     (__TI_handler_table)
                  00002e58    00000008     (.cinit..bss.load) [load image, compression = zero_init]
                  00002e60    00000010     (__TI_cinit_table)

.init_array 
*          0    00000000    00000000     UNINITIALIZED

.binit     0    00000000    00000000     

.sysmem    0    20000000    00000800     UNINITIALIZED
                  20000000    00000010     rtsv7M4_T_le_v4SPD16_eabi.lib : memory.c.obj (.sysmem)
                  20000010    000007f0     --HOLE--

.data      0    20000800    00000218     UNINITIALIZED
                  20000800    000000f0     rtsv7M4_T_le_v4SPD16_eabi.lib : defs.c.obj (.data:_ftable)
                  200008f0    00000078                                   : host_device.c.obj (.data:_device)
                  20000968    00000050                                   : host_device.c.obj (.data:_stream)
                  200009b8    00000020     aes256_encrypt_decrypt.obj (.data:CipherKey)
                  200009d8    00000010     aes256_encrypt_decrypt.obj (.data:Data)
                  200009e8    00000010     rtsv7M4_T_le_v4SPD16_eabi.lib : defs.c.obj (.data)
                  200009f8    0000000c                                   : exit.c.obj (.data:$O1$$)
                  20000a04    00000008                                   : _lock.c.obj (.data:$O1$$)
                  20000a0c    00000008                                   : memory.c.obj (.data:$O1$$)
                  20000a14    00000004                                   : errno.c.obj (.data)

.bss       0    20000a18    000001e8     UNINITIALIZED
                  20000a18    00000120     rtsv7M4_T_le_v4SPD16_eabi.lib : trgmsg.c.obj (.bss:_CIOBUF_)
                  20000b38    000000a0     (.common:__TI_tmpnams)
                  20000bd8    00000010     aes256_encrypt_decrypt.obj (.bss:DataAESdecrypted)
                  20000be8    00000010     aes256_encrypt_decrypt.obj (.bss:DataAESencrypted)
                  20000bf8    00000008     (.common:parmbuf)

.stack     0    2000fe00    00000200     UNINITIALIZED
                  2000fe00    00000004     rtsv7M4_T_le_v4SPD16_eabi.lib : boot_cortex_m.c.obj (.stack)
                  2000fe04    000001fc     --HOLE--

MODULE SUMMARY

       Module                        code    ro data   rw data
       ------                        ----    -------   -------
    ./
       aes256_encrypt_decrypt.obj    316     0         160    
       system_msp432p401r.obj        120     0         0      
    +--+-----------------------------+-------+---------+---------+
       Total:                        436     0         160    
                                                              
    ./ccs/
       startup_msp432p401r_ccs.obj   14      228       0      
    +--+-----------------------------+-------+---------+---------+
       Total:                        14      228       0      
                                                              
    /Applications/ti/ccs930/ccs/tools/compiler/ti-cgt-arm_18.12.4.LTS/lib/rtsv7M4_T_le_v4SPD16_eabi.lib
       _printfi.c.obj                4851    0         0      
       defs.c.obj                    0       0         832    
       memory.c.obj                  696     0         16     
       trgmsg.c.obj                  108     0         576    
       fd_add_t2.asm.obj             438     0         0      
       host_device.c.obj             0       0         400    
       fd_div_t2.asm.obj             310     0         0      
       fputs.c.obj                   276     0         0      
       s_scalbn.c.obj                272     0         0      
       fd_cmp_t2.asm.obj             268     0         0      
       ctype.c.obj                   0       257       0      
       fd_mul_t2.asm.obj             252     0         0      
       setvbuf.c.obj                 220     0         0      
       memcpy_t2.asm.obj             156     0         0      
       ull_div_t2.asm.obj            150     0         0      
       fputc.c.obj                   140     0         0      
       memset_t2.asm.obj             122     0         0      
       fclose.c.obj                  116     0         0      
       getdevice.c.obj               116     0         0      
       hostopen.c.obj                96      0         16     
       printf.c.obj                  112     0         0      
       hostrename.c.obj              108     0         0      
       copy_decompress_lzss.c.obj    104     0         0      
       hostlseek.c.obj               104     0         0      
       exit.c.obj                    76      0         24     
       fseek.c.obj                   100     0         0      
       s_frexp.c.obj                 100     0         0      
       _io_perm.c.obj                98      0         0      
       close.c.obj                   92      0         0      
       hostread.c.obj                88      0         0      
       hostwrite.c.obj               88      0         0      
       ltoa.c.obj                    84      0         0      
       atoi.c.obj                    76      0         0      
       fflush.c.obj                  76      0         0      
       fd_toi_t2.asm.obj             72      0         0      
       autoinit.c.obj                68      0         0      
       hostclose.c.obj               68      0         0      
       hostunlink.c.obj              68      0         0      
       strncpy.c.obj                 54      0         0      
       boot_cortex_m.c.obj           52      0         0      
       fopen.c.obj                   52      0         0      
       i_tofd_t2.asm.obj             46      0         0      
       unlink.c.obj                  44      0         0      
       lseek.c.obj                   40      0         0      
       write.c.obj                   40      0         0      
       memchr.c.obj                  32      0         0      
       copy_zero_init.c.obj          28      0         0      
       memccpy.c.obj                 28      0         0      
       s_copysign.c.obj              26      0         0      
       strcmp.c.obj                  24      0         0      
       strchr.c.obj                  22      0         0      
       strcpy.c.obj                  20      0         0      
       strlen.c.obj                  20      0         0      
       _lock.c.obj                   2       0         16     
       wcslen.c.obj                  18      0         0      
       errno.c.obj                   8       0         8      
       copy_decompress_none.c.obj    14      0         0      
       pre_init.c.obj                4       0         0      
       div0.asm.obj                  2       0         0      
    +--+-----------------------------+-------+---------+---------+
       Total:                        10745   257       1888   
                                                              
       Heap:                         0       0         4096   
       Stack:                        0       0         1024   
       Linker Generated:             0       189       0      
    +--+-----------------------------+-------+---------+---------+
       Grand Total:                  11195   674       7168   


LINKER GENERATED COPY TABLES

__TI_cinit_table @ 00002e60 records: 2, size/record: 8, table size: 16
	.data: load addr=00002db0, load size=00000099 bytes, run addr=20000800, run size=00000218 bytes, compression=lzss
	.bss: load addr=00002e58, load size=00000008 bytes, run addr=20000a18, run size=000001e8 bytes, compression=zero_init


LINKER GENERATED HANDLER TABLE

__TI_handler_table @ 00002e4c records: 3, size/record: 4, table size: 12
	index: 0, handler: __TI_decompress_lzss
	index: 1, handler: __TI_decompress_none
	index: 2, handler: __TI_zero_init


GLOBAL SYMBOLS: SORTED ALPHABETICALLY BY Name 

address   name                           
-------   ----                           
00000b33  ADC14_IRQHandler               
00000b33  AES256_IRQHandler              
00000b33  BusFault_Handler               
00002ca9  C$$EXIT                        
0000299b  C$$IO$$                        
00000b33  COMP_E0_IRQHandler             
00000b33  COMP_E1_IRQHandler             
00000b33  CS_IRQHandler                  
00000b33  DMA_ERR_IRQHandler             
00000b33  DMA_INT0_IRQHandler            
00000b33  DMA_INT1_IRQHandler            
00000b33  DMA_INT2_IRQHandler            
00000b33  DMA_INT3_IRQHandler            
00000b33  DebugMon_Handler               
00000b33  Default_Handler                
00000b33  EUSCIA0_IRQHandler             
00000b33  EUSCIA1_IRQHandler             
00000b33  EUSCIA2_IRQHandler             
00000b33  EUSCIA3_IRQHandler             
00000b33  EUSCIB0_IRQHandler             
00000b33  EUSCIB1_IRQHandler             
00000b33  EUSCIB2_IRQHandler             
00000b33  EUSCIB3_IRQHandler             
00000b33  FLCTL_IRQHandler               
00000b33  FPU_IRQHandler                 
0000281d  HOSTclose                      
00002229  HOSTlseek                      
0000248d  HOSTopen                       
00002549  HOSTread                       
000021bd  HOSTrename                     
00002861  HOSTunlink                     
000025a1  HOSTwrite                      
00000b33  HardFault_Handler              
00000b33  MemManage_Handler              
00000b33  NMI_Handler                    
00000b33  PCM_IRQHandler                 
00000b33  PORT1_IRQHandler               
00000b33  PORT2_IRQHandler               
00000b33  PORT3_IRQHandler               
00000b33  PORT4_IRQHandler               
00000b33  PORT5_IRQHandler               
00000b33  PORT6_IRQHandler               
00000b33  PSS_IRQHandler                 
00000b33  PendSV_Handler                 
00000b33  RTC_C_IRQHandler               
00002c81  Reset_Handler                  
00000b33  SVC_Handler                    
00000b33  SysTick_Handler                
00001f7d  SystemInit                     
00000b33  T32_INT1_IRQHandler            
00000b33  T32_INT2_IRQHandler            
00000b33  T32_INTC_IRQHandler            
00000b33  TA0_0_IRQHandler               
00000b33  TA0_N_IRQHandler               
00000b33  TA1_0_IRQHandler               
00000b33  TA1_N_IRQHandler               
00000b33  TA2_0_IRQHandler               
00000b33  TA2_N_IRQHandler               
00000b33  TA3_0_IRQHandler               
00000b33  TA3_N_IRQHandler               
00000b33  UsageFault_Handler             
4000480c  WDTCTL_SYM                     
00000b33  WDT_A_IRQHandler               
20000a18  __CIOBUF_                      
20010000  __STACK_END                    
00000200  __STACK_SIZE                   
00000800  __SYSMEM_SIZE                  
00002e60  __TI_CINIT_Base                
00002e70  __TI_CINIT_Limit               
00002e4c  __TI_Handler_Table_Base        
00002e58  __TI_Handler_Table_Limit       
000028a5  __TI_auto_init_nobinit_nopinit 
000029dd  __TI_cleanup                   
200009f8  __TI_cleanup_ptr               
00001ff5  __TI_closefile                 
00002291  __TI_decompress_lzss           
00002c73  __TI_decompress_none           
000026f5  __TI_doflush                   
200009fc  __TI_dtors_ptr                 
20000a00  __TI_enable_exit_profile_output
200009e8  __TI_ft_end                    
ffffffff  __TI_pprof_out_hndl            
000000e5  __TI_printfi                   
ffffffff  __TI_prof_data_size            
ffffffff  __TI_prof_data_start           
00002a11  __TI_readmsg                   
00000000  __TI_static_base__             
20000b38  __TI_tmpnams                   
0000296d  __TI_writemsg                  
00002429  __TI_wrt_ok                    
00002b9d  __TI_zero_init_nomemset        
00001df5  __aeabi_cdcmpeq                
00001df5  __aeabi_cdcmple                
00001e7b  __aeabi_cdrcmple               
000027d5  __aeabi_d2iz                   
00000f7f  __aeabi_dadd                   
00001269  __aeabi_ddiv                   
00001801  __aeabi_dmul                   
00000f75  __aeabi_dsub                   
00002c8d  __aeabi_errno_addr             
00002aa9  __aeabi_i2d                    
0000139f  __aeabi_idiv0                  
0000139f  __aeabi_ldiv0                  
00001f01  __aeabi_memclr                 
00001f01  __aeabi_memclr4                
00001f01  __aeabi_memclr8                
00001c37  __aeabi_memcpy                 
00001c37  __aeabi_memcpy4                
00001c37  __aeabi_memcpy8                
00001f03  __aeabi_memset                 
00001f03  __aeabi_memset4                
00001f03  __aeabi_memset8                
200009f4  __aeabi_stderr                 
200009ec  __aeabi_stdin                  
200009f0  __aeabi_stdout                 
00001cd3  __aeabi_uldivmod               
ffffffff  __binit__                      
ffffffff  __c_args__                     
UNDEFED   __mpu_init                     
2000fe00  __stack                        
00002a45  _c_int00_noargs                
00002cac  _ctypes_                       
200008f0  _device                        
20000800  _ftable                        
20000a04  _lock                          
0000112b  _nop                           
20000968  _stream                        
20000000  _sys_memory                    
UNDEFED   _system_post_cinit             
00002ca5  _system_pre_init               
20000a08  _unlock                        
00002ca9  abort                          
000014c5  aligned_alloc                  
00002741  atoi                           
ffffffff  binit                          
000024ed  close                          
00002bf1  copysign                       
00002bf1  copysignl                      
20000a14  errno                          
0000278d  exit                           
00002a79  finddevice                     
00001d69  fputc                          
000015dd  fputs                          
000018fd  free                           
00002361  frexp                          
00002361  frexpl                         
000023c5  fseek                          
000028e9  getdevice                      
00000000  interruptVectors               
000016f1  ldexp                          
000016f1  ldexpl                         
00002b2d  lseek                          
0000264f  ltoa                           
00002069  main                           
00002c95  malloc                         
000014c5  memalign                       
00002bd5  memccpy                        
00002b7d  memchr                         
00001c37  memcpy                         
00001f09  memset                         
20000bf8  parmbuf                        
00001abd  printData                      
000022f9  printf                         
00001d69  putc                           
00002ad9  remove                         
000016f1  scalbn                         
000016f1  scalbnl                        
000019e1  setvbuf                        
00002c23  strchr                         
00002c0b  strcmp                         
00002c39  strcpy                         
00002c4d  strlen                         
000029a5  strncpy                        
00002ad9  unlink                         
00002c61  wcslen                         
00002b55  write                          


GLOBAL SYMBOLS: SORTED BY Symbol Address 

address   name                           
-------   ----                           
00000000  __TI_static_base__             
00000000  interruptVectors               
000000e5  __TI_printfi                   
00000200  __STACK_SIZE                   
00000800  __SYSMEM_SIZE                  
00000b33  ADC14_IRQHandler               
00000b33  AES256_IRQHandler              
00000b33  BusFault_Handler               
00000b33  COMP_E0_IRQHandler             
00000b33  COMP_E1_IRQHandler             
00000b33  CS_IRQHandler                  
00000b33  DMA_ERR_IRQHandler             
00000b33  DMA_INT0_IRQHandler            
00000b33  DMA_INT1_IRQHandler            
00000b33  DMA_INT2_IRQHandler            
00000b33  DMA_INT3_IRQHandler            
00000b33  DebugMon_Handler               
00000b33  Default_Handler                
00000b33  EUSCIA0_IRQHandler             
00000b33  EUSCIA1_IRQHandler             
00000b33  EUSCIA2_IRQHandler             
00000b33  EUSCIA3_IRQHandler             
00000b33  EUSCIB0_IRQHandler             
00000b33  EUSCIB1_IRQHandler             
00000b33  EUSCIB2_IRQHandler             
00000b33  EUSCIB3_IRQHandler             
00000b33  FLCTL_IRQHandler               
00000b33  FPU_IRQHandler                 
00000b33  HardFault_Handler              
00000b33  MemManage_Handler              
00000b33  NMI_Handler                    
00000b33  PCM_IRQHandler                 
00000b33  PORT1_IRQHandler               
00000b33  PORT2_IRQHandler               
00000b33  PORT3_IRQHandler               
00000b33  PORT4_IRQHandler               
00000b33  PORT5_IRQHandler               
00000b33  PORT6_IRQHandler               
00000b33  PSS_IRQHandler                 
00000b33  PendSV_Handler                 
00000b33  RTC_C_IRQHandler               
00000b33  SVC_Handler                    
00000b33  SysTick_Handler                
00000b33  T32_INT1_IRQHandler            
00000b33  T32_INT2_IRQHandler            
00000b33  T32_INTC_IRQHandler            
00000b33  TA0_0_IRQHandler               
00000b33  TA0_N_IRQHandler               
00000b33  TA1_0_IRQHandler               
00000b33  TA1_N_IRQHandler               
00000b33  TA2_0_IRQHandler               
00000b33  TA2_N_IRQHandler               
00000b33  TA3_0_IRQHandler               
00000b33  TA3_N_IRQHandler               
00000b33  UsageFault_Handler             
00000b33  WDT_A_IRQHandler               
00000f75  __aeabi_dsub                   
00000f7f  __aeabi_dadd                   
0000112b  _nop                           
00001269  __aeabi_ddiv                   
0000139f  __aeabi_idiv0                  
0000139f  __aeabi_ldiv0                  
000014c5  aligned_alloc                  
000014c5  memalign                       
000015dd  fputs                          
000016f1  ldexp                          
000016f1  ldexpl                         
000016f1  scalbn                         
000016f1  scalbnl                        
00001801  __aeabi_dmul                   
000018fd  free                           
000019e1  setvbuf                        
00001abd  printData                      
00001c37  __aeabi_memcpy                 
00001c37  __aeabi_memcpy4                
00001c37  __aeabi_memcpy8                
00001c37  memcpy                         
00001cd3  __aeabi_uldivmod               
00001d69  fputc                          
00001d69  putc                           
00001df5  __aeabi_cdcmpeq                
00001df5  __aeabi_cdcmple                
00001e7b  __aeabi_cdrcmple               
00001f01  __aeabi_memclr                 
00001f01  __aeabi_memclr4                
00001f01  __aeabi_memclr8                
00001f03  __aeabi_memset                 
00001f03  __aeabi_memset4                
00001f03  __aeabi_memset8                
00001f09  memset                         
00001f7d  SystemInit                     
00001ff5  __TI_closefile                 
00002069  main                           
000021bd  HOSTrename                     
00002229  HOSTlseek                      
00002291  __TI_decompress_lzss           
000022f9  printf                         
00002361  frexp                          
00002361  frexpl                         
000023c5  fseek                          
00002429  __TI_wrt_ok                    
0000248d  HOSTopen                       
000024ed  close                          
00002549  HOSTread                       
000025a1  HOSTwrite                      
0000264f  ltoa                           
000026f5  __TI_doflush                   
00002741  atoi                           
0000278d  exit                           
000027d5  __aeabi_d2iz                   
0000281d  HOSTclose                      
00002861  HOSTunlink                     
000028a5  __TI_auto_init_nobinit_nopinit 
000028e9  getdevice                      
0000296d  __TI_writemsg                  
0000299b  C$$IO$$                        
000029a5  strncpy                        
000029dd  __TI_cleanup                   
00002a11  __TI_readmsg                   
00002a45  _c_int00_noargs                
00002a79  finddevice                     
00002aa9  __aeabi_i2d                    
00002ad9  remove                         
00002ad9  unlink                         
00002b2d  lseek                          
00002b55  write                          
00002b7d  memchr                         
00002b9d  __TI_zero_init_nomemset        
00002bd5  memccpy                        
00002bf1  copysign                       
00002bf1  copysignl                      
00002c0b  strcmp                         
00002c23  strchr                         
00002c39  strcpy                         
00002c4d  strlen                         
00002c61  wcslen                         
00002c73  __TI_decompress_none           
00002c81  Reset_Handler                  
00002c8d  __aeabi_errno_addr             
00002c95  malloc                         
00002ca5  _system_pre_init               
00002ca9  C$$EXIT                        
00002ca9  abort                          
00002cac  _ctypes_                       
00002e4c  __TI_Handler_Table_Base        
00002e58  __TI_Handler_Table_Limit       
00002e60  __TI_CINIT_Base                
00002e70  __TI_CINIT_Limit               
20000000  _sys_memory                    
20000800  _ftable                        
200008f0  _device                        
20000968  _stream                        
200009e8  __TI_ft_end                    
200009ec  __aeabi_stdin                  
200009f0  __aeabi_stdout                 
200009f4  __aeabi_stderr                 
200009f8  __TI_cleanup_ptr               
200009fc  __TI_dtors_ptr                 
20000a00  __TI_enable_exit_profile_output
20000a04  _lock                          
20000a08  _unlock                        
20000a14  errno                          
20000a18  __CIOBUF_                      
20000b38  __TI_tmpnams                   
20000bf8  parmbuf                        
2000fe00  __stack                        
20010000  __STACK_END                    
4000480c  WDTCTL_SYM                     
ffffffff  __TI_pprof_out_hndl            
ffffffff  __TI_prof_data_size            
ffffffff  __TI_prof_data_start           
ffffffff  __binit__                      
ffffffff  __c_args__                     
ffffffff  binit                          
UNDEFED   __mpu_init                     
UNDEFED   _system_post_cinit             

[176 symbols]
